Archive member included to satisfy reference by file (symbol)

C:/Users/Usuario/.pico-sdk/toolchain/13_3_Rel1/bin/../lib/gcc/arm-none-eabi/13.3.1/thumb/v6-m/nofp\libgcc.a(_dvmd_tls.o)
                              CMakeFiles/Tritris.dir/C_/Users/Usuario/.pico-sdk/sdk/2.1.0/src/rp2_common/pico_divider/divider_hardware.S.obj (__aeabi_idiv0)
C:/Users/Usuario/.pico-sdk/toolchain/13_3_Rel1/bin/../lib/gcc/arm-none-eabi/13.3.1/thumb/v6-m/nofp\libg.a(libc_a-calloc.o)
                              CMakeFiles/Tritris.dir/C_/Users/Usuario/.pico-sdk/sdk/2.1.0/src/rp2_common/pico_malloc/malloc.c.obj (calloc)
C:/Users/Usuario/.pico-sdk/toolchain/13_3_Rel1/bin/../lib/gcc/arm-none-eabi/13.3.1/thumb/v6-m/nofp\libg.a(libc_a-callocr.o)
                              C:/Users/Usuario/.pico-sdk/toolchain/13_3_Rel1/bin/../lib/gcc/arm-none-eabi/13.3.1/thumb/v6-m/nofp\libg.a(libc_a-calloc.o) (_calloc_r)
C:/Users/Usuario/.pico-sdk/toolchain/13_3_Rel1/bin/../lib/gcc/arm-none-eabi/13.3.1/thumb/v6-m/nofp\libg.a(libc_a-malloc.o)
                              CMakeFiles/Tritris.dir/C_/Users/Usuario/.pico-sdk/sdk/2.1.0/src/rp2_common/pico_malloc/malloc.c.obj (malloc)
C:/Users/Usuario/.pico-sdk/toolchain/13_3_Rel1/bin/../lib/gcc/arm-none-eabi/13.3.1/thumb/v6-m/nofp\libg.a(libc_a-mallocr.o)
                              C:/Users/Usuario/.pico-sdk/toolchain/13_3_Rel1/bin/../lib/gcc/arm-none-eabi/13.3.1/thumb/v6-m/nofp\libg.a(libc_a-callocr.o) (_malloc_r)
C:/Users/Usuario/.pico-sdk/toolchain/13_3_Rel1/bin/../lib/gcc/arm-none-eabi/13.3.1/thumb/v6-m/nofp\libg.a(libc_a-mlock.o)
                              C:/Users/Usuario/.pico-sdk/toolchain/13_3_Rel1/bin/../lib/gcc/arm-none-eabi/13.3.1/thumb/v6-m/nofp\libg.a(libc_a-mallocr.o) (__malloc_lock)
C:/Users/Usuario/.pico-sdk/toolchain/13_3_Rel1/bin/../lib/gcc/arm-none-eabi/13.3.1/thumb/v6-m/nofp\libg.a(libc_a-rand.o)
                              CMakeFiles/Tritris.dir/Tritris.c.obj (rand)
C:/Users/Usuario/.pico-sdk/toolchain/13_3_Rel1/bin/../lib/gcc/arm-none-eabi/13.3.1/thumb/v6-m/nofp\libg.a(libc_a-realloc.o)
                              CMakeFiles/Tritris.dir/C_/Users/Usuario/.pico-sdk/sdk/2.1.0/src/rp2_common/pico_malloc/malloc.c.obj (realloc)
C:/Users/Usuario/.pico-sdk/toolchain/13_3_Rel1/bin/../lib/gcc/arm-none-eabi/13.3.1/thumb/v6-m/nofp\libg.a(libc_a-reallocr.o)
                              C:/Users/Usuario/.pico-sdk/toolchain/13_3_Rel1/bin/../lib/gcc/arm-none-eabi/13.3.1/thumb/v6-m/nofp\libg.a(libc_a-realloc.o) (_realloc_r)
C:/Users/Usuario/.pico-sdk/toolchain/13_3_Rel1/bin/../lib/gcc/arm-none-eabi/13.3.1/thumb/v6-m/nofp\libg.a(libc_a-memcmp.o)
                              CMakeFiles/Tritris.dir/C_/Users/Usuario/.pico-sdk/sdk/2.1.0/src/rp2_common/pico_atomic/atomic.c.obj (memcmp)
C:/Users/Usuario/.pico-sdk/toolchain/13_3_Rel1/bin/../lib/gcc/arm-none-eabi/13.3.1/thumb/v6-m/nofp\libg.a(libc_a-memmove.o)
                              C:/Users/Usuario/.pico-sdk/toolchain/13_3_Rel1/bin/../lib/gcc/arm-none-eabi/13.3.1/thumb/v6-m/nofp\libg.a(libc_a-reallocr.o) (memmove)
C:/Users/Usuario/.pico-sdk/toolchain/13_3_Rel1/bin/../lib/gcc/arm-none-eabi/13.3.1/thumb/v6-m/nofp\libg.a(libc_a-lcltime_r.o)
                              CMakeFiles/Tritris.dir/C_/Users/Usuario/.pico-sdk/sdk/2.1.0/src/common/pico_util/datetime.c.obj (localtime_r)
C:/Users/Usuario/.pico-sdk/toolchain/13_3_Rel1/bin/../lib/gcc/arm-none-eabi/13.3.1/thumb/v6-m/nofp\libg.a(libc_a-mktime.o)
                              CMakeFiles/Tritris.dir/C_/Users/Usuario/.pico-sdk/sdk/2.1.0/src/common/pico_util/datetime.c.obj (mktime)
C:/Users/Usuario/.pico-sdk/toolchain/13_3_Rel1/bin/../lib/gcc/arm-none-eabi/13.3.1/thumb/v6-m/nofp\libg.a(libc_a-month_lengths.o)
                              C:/Users/Usuario/.pico-sdk/toolchain/13_3_Rel1/bin/../lib/gcc/arm-none-eabi/13.3.1/thumb/v6-m/nofp\libg.a(libc_a-lcltime_r.o) (__month_lengths)
C:/Users/Usuario/.pico-sdk/toolchain/13_3_Rel1/bin/../lib/gcc/arm-none-eabi/13.3.1/thumb/v6-m/nofp\libg.a(libc_a-tzcalc_limits.o)
                              C:/Users/Usuario/.pico-sdk/toolchain/13_3_Rel1/bin/../lib/gcc/arm-none-eabi/13.3.1/thumb/v6-m/nofp\libg.a(libc_a-lcltime_r.o) (__tzcalc_limits)
C:/Users/Usuario/.pico-sdk/toolchain/13_3_Rel1/bin/../lib/gcc/arm-none-eabi/13.3.1/thumb/v6-m/nofp\libg.a(libc_a-tzlock.o)
                              C:/Users/Usuario/.pico-sdk/toolchain/13_3_Rel1/bin/../lib/gcc/arm-none-eabi/13.3.1/thumb/v6-m/nofp\libg.a(libc_a-lcltime_r.o) (__tz_lock)
C:/Users/Usuario/.pico-sdk/toolchain/13_3_Rel1/bin/../lib/gcc/arm-none-eabi/13.3.1/thumb/v6-m/nofp\libg.a(libc_a-tzset.o)
                              C:/Users/Usuario/.pico-sdk/toolchain/13_3_Rel1/bin/../lib/gcc/arm-none-eabi/13.3.1/thumb/v6-m/nofp\libg.a(libc_a-lcltime_r.o) (_tzset_unlocked)
C:/Users/Usuario/.pico-sdk/toolchain/13_3_Rel1/bin/../lib/gcc/arm-none-eabi/13.3.1/thumb/v6-m/nofp\libg.a(libc_a-tzset_r.o)
[...]
Memory Configuration

Name             Origin             Length             Attributes
FLASH            0x10000000         0x00200000         xr
RAM              0x20000000         0x00040000         xrw
SCRATCH_X        0x20040000         0x00001000         xrw
SCRATCH_Y        0x20041000         0x00001000         xrw
*default*        0x00000000         0xffffffff

Linker script and memory map

LOAD C:/Users/Usuario/.pico-sdk/toolchain/13_3_Rel1/bin/../lib/gcc/arm-none-eabi/13.3.1/thumb/v6-m/nofp/crti.o
LOAD C:/Users/Usuario/.pico-sdk/toolchain/13_3_Rel1/bin/../lib/gcc/arm-none-eabi/13.3.1/thumb/v6-m/nofp/crtbegin.o
LOAD C:/Users/Usuario/.pico-sdk/toolchain/13_3_Rel1/bin/../lib/gcc/arm-none-eabi/13.3.1/thumb/v6-m/nofp/crt0.o

.flash_begin    0x10000000        0x0
                0x10000000                        __flash_binary_start = .

.boot2          0x10000000      0x100
                0x10000000                        __boot2_start__ = .
 *(.boot2)
 .boot2         0x10000000      0x100 pico-sdk/src/rp2040/boot_stage2/CMakeFiles/bs2_default_library.dir/./bs2_default_padded_checksummed.S.obj
                0x10000100                        __boot2_end__ = .
                0x00000001                        ASSERT (((__boot2_end__ - __boot2_start__) == 0x100), ERROR: Pico second stage bootloader must be 256 bytes in size)

.text           0x10000100     0x57bc
                0x10000100                        __logical_binary_start = .
 *(.vectors)
 .vectors       0x10000100       0xd4 CMakeFiles/Tritris.dir/C_/Users/Usuario/.pico-sdk/sdk/2.1.0/src/rp2_common/pico_crt0/crt0.S.obj
                0x10000100                __VECTOR_TABLE
                0x10000100                __vectors
                0x100001c0                isr_invalid
                0x100001c0                __default_isrs_start
                0x100001c2                isr_nmi
                0x100001c4                isr_hardfault
                0x100001c6                isr_svcall
                0x100001c8                isr_pendsv
                0x100001ca                isr_systick
                0x100001cc                isr_irq23
                0x100001cc                isr_irq18
                0x100001cc                isr_irq11
                0x100001cc                isr_irq28
                0x100001cc                isr_irq19
                0x100001cc                isr_irq0
                0x100001cc                isr_irq6
                0x100001cc                isr_irq5
                0x100001cc                isr_irq12
                0x100001cc                isr_irq22
                0x100001cc                isr_irq31
                0x100001cc                isr_irq17
                0x100001cc                isr_irq27
                0x100001cc                isr_irq30
                0x100001cc                isr_irq2
                0x100001cc                isr_irq10
                0x100001cc                isr_irq8
                0x100001cc                isr_irq24
                0x100001cc                isr_irq1
                0x100001cc                isr_irq7
                0x100001cc                isr_irq21
                0x100001cc                isr_irq20
                0x100001cc                isr_irq15
                0x100001cc                isr_irq25
                0x100001cc                isr_irq13
                0x100001cc                __unhandled_user_irq
                0x100001cc                isr_irq4
                0x100001cc                isr_irq16
                0x100001cc                isr_irq29
                0x100001cc                isr_irq26
                0x100001cc                __default_isrs_end
                0x100001cc                isr_irq3
                0x100001cc                isr_irq14
                0x100001cc                isr_irq9
                0x100001d2                unhandled_user_irq_num_in_r0
 *(.binary_info_header)
 .binary_info_header
                0x100001d4       0x14 CMakeFiles/Tritris.dir/C_/Users/Usuario/.pico-sdk/sdk/2.1.0/src/rp2_common/pico_crt0/crt0.S.obj
                0x100001e8                        __binary_info_header_end = .
 *(.embedded_block)
                0x100001e8                        __embedded_block_end = .
 *(.reset)
 .reset         0x100001e8       0x9c CMakeFiles/Tritris.dir/C_/Users/Usuario/.pico-sdk/sdk/2.1.0/src/rp2_common/pico_crt0/crt0.S.obj
                0x100001e8                _entry_point
 *(.init)
 .init          0x10000284        0x4 C:/Users/Usuario/.pico-sdk/toolchain/13_3_Rel1/bin/../lib/gcc/arm-none-eabi/13.3.1/thumb/v6-m/nofp/crti.o
                0x10000284                _init
 *(EXCLUDE_FILE(*libm.a: *libc.a:*lib_a-mem*.o *libgcc.a:) .text*)
 .text.register_tm_clones
                0x10000288       0x28 C:/Users/Usuario/.pico-sdk/toolchain/13_3_Rel1/bin/../lib/gcc/arm-none-eabi/13.3.1/thumb/v6-m/nofp/crtbegin.o
 .text.frame_dummy
                0x100002b0       0x24 C:/Users/Usuario/.pico-sdk/toolchain/13_3_Rel1/bin/../lib/gcc/arm-none-eabi/13.3.1/thumb/v6-m/nofp/crtbegin.o
 .text.limparLeds
                0x100002d4       0x3c CMakeFiles/Tritris.dir/Tritris.c.obj
                0x100002d4                limparLeds
 .text.atualizarLeds
                0x10000310      0x1b4 CMakeFiles/Tritris.dir/Tritris.c.obj
                0x10000310                atualizarLeds
 .text.limparLinha
                0x100004c4      0x100 CMakeFiles/Tritris.dir/Tritris.c.obj
                0x100004c4                limparLinha
 .text.criarNovaPeca
                0x100005c4      0x108 CMakeFiles/Tritris.dir/Tritris.c.obj
                0x100005c4                criarNovaPeca
 .text.atualizarMatrizComPeca
                0x100006cc      0x1b4 CMakeFiles/Tritris.dir/Tritris.c.obj
                0x100006cc                atualizarMatrizComPeca
 .text.botaoA_interrupt_handler
                0x10000880       0xec CMakeFiles/Tritris.dir/Tritris.c.obj
                0x10000880                botaoA_interrupt_handler
 .text.botaoB_interrupt_handler
                0x1000096c      0x104 CMakeFiles/Tritris.dir/Tritris.c.obj
                0x1000096c                botaoB_interrupt_handler
 .text.configurarBotoesDeInterrupcao
                0x10000a70       0x24 CMakeFiles/Tritris.dir/Tritris.c.obj
                0x10000a70                configurarBotoesDeInterrupcao
 .text.startup.main
                0x10000a94      0x2cc CMakeFiles/Tritris.dir/Tritris.c.obj
                0x10000a94                main
 .text.gpio_default_irq_handler
                0x10000d60      0x274 CMakeFiles/Tritris.dir/C_/Users/Usuario/.pico-sdk/sdk/2.1.0/src/rp2_common/hardware_gpio/gpio.c.obj
 .text.gpio_set_function
                0x10000fd4       0x34 CMakeFiles/Tritris.dir/C_/Users/Usuario/.pico-sdk/sdk/2.1.0/src/rp2_common/hardware_gpio/gpio.c.obj
                0x10000fd4                gpio_set_function
 .text.gpio_set_pulls
                0x10001008       0x28 CMakeFiles/Tritris.dir/C_/Users/Usuario/.pico-sdk/sdk/2.1.0/src/rp2_common/hardware_gpio/gpio.c.obj
                0x10001008                gpio_set_pulls
 .text.gpio_set_irq_enabled_with_callback
                0x10001030       0xd0 CMakeFiles/Tritris.dir/C_/Users/Usuario/.pico-sdk/sdk/2.1.0/src/rp2_common/hardware_gpio/gpio.c.obj
                0x10001030                gpio_set_irq_enabled_with_callback
 .text.gpio_init
                0x10001100       0x40 CMakeFiles/Tritris.dir/C_/Users/Usuario/.pico-sdk/sdk/2.1.0/src/rp2_common/hardware_gpio/gpio.c.obj
                0x10001100                gpio_init
 .text.rp2040_chip_version
                0x10001140        0xc CMakeFiles/Tritris.dir/C_/Users/Usuario/.pico-sdk/sdk/2.1.0/src/rp2040/pico_platform/platform.c.obj
                0x10001140                rp2040_chip_version
 .text.panic    0x1000114c       0x30 CMakeFiles/Tritris.dir/C_/Users/Usuario/.pico-sdk/sdk/2.1.0/src/rp2_common/pico_platform_panic/panic.c.obj
                0x1000114c                panic
 .text.hw_claim_lock
                0x1000117c       0x18 CMakeFiles/Tritris.dir/C_/Users/Usuario/.pico-sdk/sdk/2.1.0/src/common/hardware_claim/claim.c.obj
                0x1000117c                hw_claim_lock
 .text.hw_claim_unlock
                0x10001194       0x14 CMakeFiles/Tritris.dir/C_/Users/Usuario/.pico-sdk/sdk/2.1.0/src/common/hardware_claim/claim.c.obj
                0x10001194                hw_claim_unlock
 .text.hw_claim_or_assert
                0x100011a8       0x44 CMakeFiles/Tritris.dir/C_/Users/Usuario/.pico-sdk/sdk/2.1.0/src/common/hardware_claim/claim.c.obj
                0x100011a8                hw_claim_or_assert
 .text.hw_claim_unused_from_range
                0x100011ec       0x9c CMakeFiles/Tritris.dir/C_/Users/Usuario/.pico-sdk/sdk/2.1.0/src/common/hardware_claim/claim.c.obj
                0x100011ec                hw_claim_unused_from_range
 .text.next_striped_spin_lock_num
                0x10001288       0x18 CMakeFiles/Tritris.dir/C_/Users/Usuario/.pico-sdk/sdk/2.1.0/src/rp2_common/hardware_sync/sync.c.obj
                0x10001288                next_striped_spin_lock_num
 .text.spin_lock_claim_unused
                0x100012a0       0x24 CMakeFiles/Tritris.dir/C_/Users/Usuario/.pico-sdk/sdk/2.1.0/src/rp2_common/hardware_sync/sync.c.obj
                0x100012a0                spin_lock_claim_unused
 .text.spin_locks_reset
                0x100012c4       0x1c CMakeFiles/Tritris.dir/C_/Users/Usuario/.pico-sdk/sdk/2.1.0/src/rp2_common/hardware_sync_spin_lock/sync_spin_lock.c.obj
                0x100012c4                spin_locks_reset
 .text.runtime_init_per_core_irq_priorities
                0x100012e0       0x24 CMakeFiles/Tritris.dir/C_/Users/Usuario/.pico-sdk/sdk/2.1.0/src/rp2_common/hardware_irq/irq.c.obj
                0x100012e0                runtime_init_per_core_irq_priorities
 .text.irq_set_enabled
                0x10001304       0x24 CMakeFiles/Tritris.dir/C_/Users/Usuario/.pico-sdk/sdk/2.1.0/src/rp2_common/hardware_irq/irq.c.obj
                0x10001304                irq_set_enabled
 .text.irq_is_enabled
                0x10001328       0x18 CMakeFiles/Tritris.dir/C_/Users/Usuario/.pico-sdk/sdk/2.1.0/src/rp2_common/hardware_irq/irq.c.obj
                0x10001328                irq_is_enabled
 .text.irq_set_pending
                0x10001340       0x10 CMakeFiles/Tritris.dir/C_/Users/Usuario/.pico-sdk/sdk/2.1.0/src/rp2_common/hardware_irq/irq.c.obj
                0x10001340                irq_set_pending
 .text.irq_has_shared_handler
                0x10001350       0x2c CMakeFiles/Tritris.dir/C_/Users/Usuario/.pico-sdk/sdk/2.1.0/src/rp2_common/hardware_irq/irq.c.obj
                0x10001350                irq_has_shared_handler
 .text.irq_set_exclusive_handler
                0x1000137c       0x54 CMakeFiles/Tritris.dir/C_/Users/Usuario/.pico-sdk/sdk/2.1.0/src/rp2_common/hardware_irq/irq.c.obj
                0x1000137c                irq_set_exclusive_handler
 .text.irq_add_shared_handler
                0x100013d0      0x1f4 CMakeFiles/Tritris.dir/C_/Users/Usuario/.pico-sdk/sdk/2.1.0/src/rp2_common/hardware_irq/irq.c.obj
                0x100013d0                irq_add_shared_handler
 .text.irq_remove_handler
                0x100015c4      0x1d4 CMakeFiles/Tritris.dir/C_/Users/Usuario/.pico-sdk/sdk/2.1.0/src/rp2_common/hardware_irq/irq.c.obj
                0x100015c4                irq_remove_handler
 .text.irq_add_tail_to_free_list
                0x10001798       0xb4 CMakeFiles/Tritris.dir/C_/Users/Usuario/.pico-sdk/sdk/2.1.0/src/rp2_common/hardware_irq/irq.c.obj
                0x10001798                irq_add_tail_to_free_list
 .text.user_irq_claim_unused
                0x1000184c       0x2c CMakeFiles/Tritris.dir/C_/Users/Usuario/.pico-sdk/sdk/2.1.0/src/rp2_common/hardware_irq/irq.c.obj
                0x1000184c                user_irq_claim_unused
 .text.lock_init
                0x10001878       0x10 CMakeFiles/Tritris.dir/C_/Users/Usuario/.pico-sdk/sdk/2.1.0/src/common/pico_sync/lock_core.c.obj
                0x10001878                lock_init
 .text.runtime_init_mutex
                0x10001888       0x50 CMakeFiles/Tritris.dir/C_/Users/Usuario/.pico-sdk/sdk/2.1.0/src/common/pico_sync/mutex.c.obj
                0x10001888                runtime_init_mutex
 .text.mutex_init
                0x100018d8       0x1c CMakeFiles/Tritris.dir/C_/Users/Usuario/.pico-sdk/sdk/2.1.0/src/common/pico_sync/mutex.c.obj
                0x100018d8                mutex_init
 .text.critical_section_init
                0x100018f4       0x1c CMakeFiles/Tritris.dir/C_/Users/Usuario/.pico-sdk/sdk/2.1.0/src/common/pico_sync/critical_section.c.obj
                0x100018f4                critical_section_init
 .text.critical_section_init_with_lock_num
                0x10001910       0x14 CMakeFiles/Tritris.dir/C_/Users/Usuario/.pico-sdk/sdk/2.1.0/src/common/pico_sync/critical_section.c.obj
                0x10001910                critical_section_init_with_lock_num
 .text.sleep_until_callback
                0x10001924       0x30 CMakeFiles/Tritris.dir/C_/Users/Usuario/.pico-sdk/sdk/2.1.0/src/common/pico_time/time.c.obj
 .text.alarm_pool_irq_handler
                0x10001954      0x2fc CMakeFiles/Tritris.dir/C_/Users/Usuario/.pico-sdk/sdk/2.1.0/src/common/pico_time/time.c.obj
 .text.runtime_init_default_alarm_pool
                0x10001c50       0xdc CMakeFiles/Tritris.dir/C_/Users/Usuario/.pico-sdk/sdk/2.1.0/src/common/pico_time/time.c.obj
                0x10001c50                runtime_init_default_alarm_pool
 .text.alarm_pool_get_default
                0x10001d2c        0x8 CMakeFiles/Tritris.dir/C_/Users/Usuario/.pico-sdk/sdk/2.1.0/src/common/pico_time/time.c.obj
                0x10001d2c                alarm_pool_get_default
 .text.alarm_pool_add_alarm_at
                0x10001d34       0xd4 CMakeFiles/Tritris.dir/C_/Users/Usuario/.pico-sdk/sdk/2.1.0/src/common/pico_time/time.c.obj
                0x10001d34                alarm_pool_add_alarm_at
 .text.alarm_pool_add_alarm_at_force_in_context
                0x10001e08       0xb0 CMakeFiles/Tritris.dir/C_/Users/Usuario/.pico-sdk/sdk/2.1.0/src/common/pico_time/time.c.obj
                0x10001e08                alarm_pool_add_alarm_at_force_in_context
 .text.alarm_pool_cancel_alarm
                0x10001eb8       0x74 CMakeFiles/Tritris.dir/C_/Users/Usuario/.pico-sdk/sdk/2.1.0/src/common/pico_time/time.c.obj
                0x10001eb8                alarm_pool_cancel_alarm
 .text.alarm_pool_core_num
                0x10001f2c        0x4 CMakeFiles/Tritris.dir/C_/Users/Usuario/.pico-sdk/sdk/2.1.0/src/common/pico_time/time.c.obj
                0x10001f2c                alarm_pool_core_num
 .text.sleep_until
                0x10001f30       0xd8 CMakeFiles/Tritris.dir/C_/Users/Usuario/.pico-sdk/sdk/2.1.0/src/common/pico_time/time.c.obj
                0x10001f30                sleep_until
 .text.sleep_ms
                0x10002008       0x38 CMakeFiles/Tritris.dir/C_/Users/Usuario/.pico-sdk/sdk/2.1.0/src/common/pico_time/time.c.obj
                0x10002008                sleep_ms
 .text.best_effort_wfe_or_timeout
                0x10002040       0xe0 CMakeFiles/Tritris.dir/C_/Users/Usuario/.pico-sdk/sdk/2.1.0/src/common/pico_time/time.c.obj
                0x10002040                best_effort_wfe_or_timeout
 .text.timer_hardware_alarm_claim
                0x10002120       0x14 CMakeFiles/Tritris.dir/C_/Users/Usuario/.pico-sdk/sdk/2.1.0/src/rp2_common/hardware_timer/timer.c.obj
                0x10002120                timer_hardware_alarm_claim
 .text.timer_time_us_64
                0x10002134       0x10 CMakeFiles/Tritris.dir/C_/Users/Usuario/.pico-sdk/sdk/2.1.0/src/rp2_common/hardware_timer/timer.c.obj
                0x10002134                timer_time_us_64
 .text.time_us_64
                0x10002144       0x14 CMakeFiles/Tritris.dir/C_/Users/Usuario/.pico-sdk/sdk/2.1.0/src/rp2_common/hardware_timer/timer.c.obj
                0x10002144                time_us_64
 .text.busy_wait_until
                0x10002158       0x20 CMakeFiles/Tritris.dir/C_/Users/Usuario/.pico-sdk/sdk/2.1.0/src/rp2_common/hardware_timer/timer.c.obj
                0x10002158                busy_wait_until
 .text.clock_configure_int_divider
                0x10002178       0xf4 CMakeFiles/Tritris.dir/C_/Users/Usuario/.pico-sdk/sdk/2.1.0/src/rp2_common/hardware_clocks/clocks.c.obj
                0x10002178                clock_configure_int_divider
 .text.clock_configure_undivided
                0x1000226c       0xe8 CMakeFiles/Tritris.dir/C_/Users/Usuario/.pico-sdk/sdk/2.1.0/src/rp2_common/hardware_clocks/clocks.c.obj
                0x1000226c                clock_configure_undivided
 .text.clock_get_hz
                0x10002354        0xc CMakeFiles/Tritris.dir/C_/Users/Usuario/.pico-sdk/sdk/2.1.0/src/rp2_common/hardware_clocks/clocks.c.obj
                0x10002354                clock_get_hz
 .text.pll_init
                0x10002360       0xa4 CMakeFiles/Tritris.dir/C_/Users/Usuario/.pico-sdk/sdk/2.1.0/src/rp2_common/hardware_pll/pll.c.obj
                0x10002360                pll_init
 .text.watchdog_reboot
                0x10002404       0x9c CMakeFiles/Tritris.dir/C_/Users/Usuario/.pico-sdk/sdk/2.1.0/src/rp2_common/hardware_watchdog/watchdog.c.obj
                0x10002404                watchdog_reboot
 .text.tick_start
                0x100024a0       0x10 CMakeFiles/Tritris.dir/C_/Users/Usuario/.pico-sdk/sdk/2.1.0/src/rp2_common/hardware_ticks/ticks.c.obj
                0x100024a0                tick_start
 .text.rom_func_lookup
                0x100024b0       0x10 CMakeFiles/Tritris.dir/C_/Users/Usuario/.pico-sdk/sdk/2.1.0/src/rp2_common/pico_bootrom/bootrom.c.obj
                0x100024b0                rom_func_lookup
 .text.rom_data_lookup
                0x100024c0       0x10 CMakeFiles/Tritris.dir/C_/Users/Usuario/.pico-sdk/sdk/2.1.0/src/rp2_common/pico_bootrom/bootrom.c.obj
                0x100024c0                rom_data_lookup
 .text.rom_funcs_lookup
                0x100024d0       0x44 CMakeFiles/Tritris.dir/C_/Users/Usuario/.pico-sdk/sdk/2.1.0/src/rp2_common/pico_bootrom/bootrom.c.obj
                0x100024d0                rom_funcs_lookup
 .text.rom_reset_usb_boot_extra
                0x10002514       0x28 CMakeFiles/Tritris.dir/C_/Users/Usuario/.pico-sdk/sdk/2.1.0/src/rp2_common/pico_bootrom/bootrom.c.obj
                0x10002514                rom_reset_usb_boot_extra
 .text.xosc_init
                0x1000253c       0x28 CMakeFiles/Tritris.dir/C_/Users/Usuario/.pico-sdk/sdk/2.1.0/src/rp2_common/hardware_xosc/xosc.c.obj
                0x1000253c                xosc_init
 .text.first_per_core_initializer
                0x10002564        0x4 CMakeFiles/Tritris.dir/C_/Users/Usuario/.pico-sdk/sdk/2.1.0/src/rp2_common/pico_runtime/runtime.c.obj
 .text.hard_assertion_failure
                0x10002568        0xc CMakeFiles/Tritris.dir/C_/Users/Usuario/.pico-sdk/sdk/2.1.0/src/rp2_common/pico_runtime/runtime.c.obj
                0x10002568                hard_assertion_failure
 .text.runtime_run_initializers
                0x10002574       0x28 CMakeFiles/Tritris.dir/C_/Users/Usuario/.pico-sdk/sdk/2.1.0/src/rp2_common/pico_runtime/runtime.c.obj
                0x10002574                runtime_run_initializers
 .text.runtime_init_early_resets
                0x1000259c       0x2c CMakeFiles/Tritris.dir/C_/Users/Usuario/.pico-sdk/sdk/2.1.0/src/rp2_common/pico_runtime_init/runtime_init.c.obj
                0x1000259c                runtime_init_early_resets
 .text.runtime_init_usb_power_down
                0x100025c8       0x1c CMakeFiles/Tritris.dir/C_/Users/Usuario/.pico-sdk/sdk/2.1.0/src/rp2_common/pico_runtime_init/runtime_init.c.obj
                0x100025c8                runtime_init_usb_power_down
 .text.runtime_init_post_clock_resets
                0x100025e4       0x20 CMakeFiles/Tritris.dir/C_/Users/Usuario/.pico-sdk/sdk/2.1.0/src/rp2_common/pico_runtime_init/runtime_init.c.obj
                0x100025e4                runtime_init_post_clock_resets
 .text.runtime_init_rp2040_gpio_ie_disable
                0x10002604       0x14 CMakeFiles/Tritris.dir/C_/Users/Usuario/.pico-sdk/sdk/2.1.0/src/rp2_common/pico_runtime_init/runtime_init.c.obj
                0x10002604                runtime_init_rp2040_gpio_ie_disable
 .text.runtime_init_spin_locks_reset
                0x10002618        0x8 CMakeFiles/Tritris.dir/C_/Users/Usuario/.pico-sdk/sdk/2.1.0/src/rp2_common/pico_runtime_init/runtime_init.c.obj
                0x10002618                runtime_init_spin_locks_reset
 .text.runtime_init_install_ram_vector_table
                0x10002620       0x1c CMakeFiles/Tritris.dir/C_/Users/Usuario/.pico-sdk/sdk/2.1.0/src/rp2_common/pico_runtime_init/runtime_init.c.obj
                0x10002620                runtime_init_install_ram_vector_table
 .text.runtime_init_clocks
                0x1000263c       0xd8 CMakeFiles/Tritris.dir/C_/Users/Usuario/.pico-sdk/sdk/2.1.0/src/rp2_common/pico_runtime_init/runtime_init_clocks.c.obj
                0x1000263c                runtime_init_clocks
 .text          0x10002714       0x10 CMakeFiles/Tritris.dir/C_/Users/Usuario/.pico-sdk/sdk/2.1.0/src/rp2_common/pico_bit_ops/bit_ops_aeabi.S.obj
 .text.__wrap___aeabi_uidiv
                0x10002724       0x4c CMakeFiles/Tritris.dir/C_/Users/Usuario/.pico-sdk/sdk/2.1.0/src/rp2_common/pico_divider/divider_hardware.S.obj
                0x10002724                __wrap___aeabi_uidiv
                0x10002724                __wrap___aeabi_uidivmod
                0x10002724                div_u32u32
                0x10002724                divmod_u32u32
                0x1000272c                divmod_u32u32_unsafe
                0x10002754                divmod_u32u32_savestate
 .text.missing_double_func_shim
                0x10002770        0xc CMakeFiles/Tritris.dir/C_/Users/Usuario/.pico-sdk/sdk/2.1.0/src/rp2_common/pico_double/double_init_rom_rp2040.c.obj
 .text.__aeabi_double_init
                0x1000277c       0xa0 CMakeFiles/Tritris.dir/C_/Users/Usuario/.pico-sdk/sdk/2.1.0/src/rp2_common/pico_double/double_init_rom_rp2040.c.obj
                0x1000277c                __aeabi_double_init
 .text.double_table_shim_on_use_helper
                0x1000281c       0x2c CMakeFiles/Tritris.dir/C_/Users/Usuario/.pico-sdk/sdk/2.1.0/src/rp2_common/pico_double/double_v1_rom_shim_rp2040.S.obj
                0x1000281c                double_table_shim_on_use_helper
 .text.__aeabi_lmul
                0x10002848       0x32 CMakeFiles/Tritris.dir/C_/Users/Usuario/.pico-sdk/sdk/2.1.0/src/rp2_common/pico_int64_ops/pico_int64_ops_aeabi.S.obj
                0x10002848                __wrap___aeabi_lmul
 *fill*         0x1000287a        0x2 
 .text.__wrap___aeabi_farithmetic
                0x1000287c       0x48 CMakeFiles/Tritris.dir/C_/Users/Usuario/.pico-sdk/sdk/2.1.0/src/rp2_common/pico_float/float_aeabi_rp2040.S.obj
                0x1000287c                __wrap___aeabi_frsub
                0x10002882                __wrap___aeabi_fsub
                0x10002888                __wrap___aeabi_fadd
                0x1000288e                __wrap___aeabi_fdiv
                0x100028b6                __wrap___aeabi_fmul
 .text.__wrap___aeabi_ui2f
                0x100028c4        0xa CMakeFiles/Tritris.dir/C_/Users/Usuario/.pico-sdk/sdk/2.1.0/src/rp2_common/pico_float/float_aeabi_rp2040.S.obj
                0x100028c4                __wrap___aeabi_ui2f
                0x100028c4                uint2float
 *fill*         0x100028ce        0x2 
 .text.__wrap___aeabi_i2f
                0x100028d0       0x44 CMakeFiles/Tritris.dir/C_/Users/Usuario/.pico-sdk/sdk/2.1.0/src/rp2_common/pico_float/float_aeabi_rp2040.S.obj
                0x100028d0                __wrap___aeabi_i2f
                0x100028d0                int2float
 .text.__wrap___aeabi_f2uiz
                0x10002914        0xc CMakeFiles/Tritris.dir/C_/Users/Usuario/.pico-sdk/sdk/2.1.0/src/rp2_common/pico_float/float_aeabi_rp2040.S.obj
                0x10002914                __wrap___aeabi_f2uiz
                0x10002914                float2uint_z
 .text.missing_float_func_shim
                0x10002920        0xc CMakeFiles/Tritris.dir/C_/Users/Usuario/.pico-sdk/sdk/2.1.0/src/rp2_common/pico_float/float_init_rom_rp2040.c.obj
 .text.__aeabi_float_init
                0x1000292c       0x5c CMakeFiles/Tritris.dir/C_/Users/Usuario/.pico-sdk/sdk/2.1.0/src/rp2_common/pico_float/float_init_rom_rp2040.c.obj
                0x1000292c                __aeabi_float_init
 .text          0x10002988       0x10 CMakeFiles/Tritris.dir/C_/Users/Usuario/.pico-sdk/sdk/2.1.0/src/rp2_common/pico_mem_ops/mem_ops_aeabi.S.obj
                0x10002988                __aeabi_mem_init
 .text.memset   0x10002998        0xc CMakeFiles/Tritris.dir/C_/Users/Usuario/.pico-sdk/sdk/2.1.0/src/rp2_common/pico_mem_ops/mem_ops_aeabi.S.obj
                0x10002998                __wrap_memset
 .text.memcpy   0x100029a4        0xc CMakeFiles/Tritris.dir/C_/Users/Usuario/.pico-sdk/sdk/2.1.0/src/rp2_common/pico_mem_ops/mem_ops_aeabi.S.obj
                0x100029a4                __wrap_memcpy
                0x100029a4                __wrap___aeabi_memcpy
 .text._out_char
                0x100029b0       0x10 CMakeFiles/Tritris.dir/C_/Users/Usuario/.pico-sdk/sdk/2.1.0/src/rp2_common/pico_printf/printf.c.obj
 .text.weak_raw_vprintf
                0x100029c0       0x30 CMakeFiles/Tritris.dir/C_/Users/Usuario/.pico-sdk/sdk/2.1.0/src/rp2_common/pico_printf/printf.c.obj
                0x100029c0                weak_raw_vprintf
 .text._exit    0x100029f0        0x4 CMakeFiles/Tritris.dir/C_/Users/Usuario/.pico-sdk/sdk/2.1.0/src/rp2_common/pico_clib_interface/newlib_interface.c.obj
                0x100029f0                _exit
 .text.exit     0x100029f4        0x8 CMakeFiles/Tritris.dir/C_/Users/Usuario/.pico-sdk/sdk/2.1.0/src/rp2_common/pico_clib_interface/newlib_interface.c.obj
                0x100029f4                exit
 .text.runtime_init
                0x100029fc       0x2c CMakeFiles/Tritris.dir/C_/Users/Usuario/.pico-sdk/sdk/2.1.0/src/rp2_common/pico_clib_interface/newlib_interface.c.obj
                0x100029fc                runtime_init
 .text.stdio_out_chars_no_crlf
                0x10002a28       0x10 CMakeFiles/Tritris.dir/C_/Users/Usuario/.pico-sdk/sdk/2.1.0/src/rp2_common/pico_stdio/stdio.c.obj
 .text.stdio_out_chars_crlf
                0x10002a38       0x94 CMakeFiles/Tritris.dir/C_/Users/Usuario/.pico-sdk/sdk/2.1.0/src/rp2_common/pico_stdio/stdio.c.obj
 .text.stdio_put_string
                0x10002acc      0x100 CMakeFiles/Tritris.dir/C_/Users/Usuario/.pico-sdk/sdk/2.1.0/src/rp2_common/pico_stdio/stdio.c.obj
                0x10002acc                stdio_put_string
 .text.stdio_set_driver_enabled
                0x10002bcc       0x30 CMakeFiles/Tritris.dir/C_/Users/Usuario/.pico-sdk/sdk/2.1.0/src/rp2_common/pico_stdio/stdio.c.obj
                0x10002bcc                stdio_set_driver_enabled
 .text.stdio_init_all
                0x10002bfc        0x8 CMakeFiles/Tritris.dir/C_/Users/Usuario/.pico-sdk/sdk/2.1.0/src/rp2_common/pico_stdio/stdio.c.obj
                0x10002bfc                stdio_init_all
 .text.__wrap_putchar
                0x10002c04       0x98 CMakeFiles/Tritris.dir/C_/Users/Usuario/.pico-sdk/sdk/2.1.0/src/rp2_common/pico_stdio/stdio.c.obj
                0x10002c04                __wrap_putchar
                0x10002c04                stdio_putchar
 .text.__wrap_puts
                0x10002c9c       0x3c CMakeFiles/Tritris.dir/C_/Users/Usuario/.pico-sdk/sdk/2.1.0/src/rp2_common/pico_stdio/stdio.c.obj
                0x10002c9c                stdio_puts
                0x10002c9c                __wrap_puts
 .text.resetd_init
                0x10002cd8        0x4 CMakeFiles/Tritris.dir/C_/Users/Usuario/.pico-sdk/sdk/2.1.0/src/rp2_common/pico_stdio_usb/reset_interface.c.obj
 .text.resetd_reset
                0x10002cdc        0xc CMakeFiles/Tritris.dir/C_/Users/Usuario/.pico-sdk/sdk/2.1.0/src/rp2_common/pico_stdio_usb/reset_interface.c.obj
 .text.resetd_open
                0x10002ce8       0x28 CMakeFiles/Tritris.dir/C_/Users/Usuario/.pico-sdk/sdk/2.1.0/src/rp2_common/pico_stdio_usb/reset_interface.c.obj
 .text.resetd_xfer_cb
                0x10002d10        0x4 CMakeFiles/Tritris.dir/C_/Users/Usuario/.pico-sdk/sdk/2.1.0/src/rp2_common/pico_stdio_usb/reset_interface.c.obj
 .text.resetd_control_xfer_cb
                0x10002d14       0x5c CMakeFiles/Tritris.dir/C_/Users/Usuario/.pico-sdk/sdk/2.1.0/src/rp2_common/pico_stdio_usb/reset_interface.c.obj
 .text.tud_descriptor_bos_cb
                0x10002d70        0x8 CMakeFiles/Tritris.dir/C_/Users/Usuario/.pico-sdk/sdk/2.1.0/src/rp2_common/pico_stdio_usb/reset_interface.c.obj
                0x10002d70                tud_descriptor_bos_cb
 .text.tud_vendor_control_xfer_cb
                0x10002d78       0x34 CMakeFiles/Tritris.dir/C_/Users/Usuario/.pico-sdk/sdk/2.1.0/src/rp2_common/pico_stdio_usb/reset_interface.c.obj
                0x10002d78                tud_vendor_control_xfer_cb
 .text.usbd_app_driver_get_cb
                0x10002dac        0xc CMakeFiles/Tritris.dir/C_/Users/Usuario/.pico-sdk/sdk/2.1.0/src/rp2_common/pico_stdio_usb/reset_interface.c.obj
                0x10002dac                usbd_app_driver_get_cb
 .text.tud_cdc_line_coding_cb
                0x10002db8       0x2c CMakeFiles/Tritris.dir/C_/Users/Usuario/.pico-sdk/sdk/2.1.0/src/rp2_common/pico_stdio_usb/reset_interface.c.obj
                0x10002db8                tud_cdc_line_coding_cb
 .text.stdio_usb_set_chars_available_callback
                0x10002de4       0x14 CMakeFiles/Tritris.dir/C_/Users/Usuario/.pico-sdk/sdk/2.1.0/src/rp2_common/pico_stdio_usb/stdio_usb.c.obj
                0x10002de4                stdio_usb_set_chars_available_callback
 .text.usb_irq  0x10002df8       0x10 CMakeFiles/Tritris.dir/C_/Users/Usuario/.pico-sdk/sdk/2.1.0/src/rp2_common/pico_stdio_usb/stdio_usb.c.obj
 .text.timer_task
                0x10002e08       0x64 CMakeFiles/Tritris.dir/C_/Users/Usuario/.pico-sdk/sdk/2.1.0/src/rp2_common/pico_stdio_usb/stdio_usb.c.obj
 .text.stdio_usb_in_chars
                0x10002e6c       0x90 CMakeFiles/Tritris.dir/C_/Users/Usuario/.pico-sdk/sdk/2.1.0/src/rp2_common/pico_stdio_usb/stdio_usb.c.obj
                0x10002e6c                stdio_usb_in_chars
 .text.stdio_usb_out_flush
                0x10002efc       0x50 CMakeFiles/Tritris.dir/C_/Users/Usuario/.pico-sdk/sdk/2.1.0/src/rp2_common/pico_stdio_usb/stdio_usb.c.obj
 .text.stdio_usb_out_chars
                0x10002f4c      0x104 CMakeFiles/Tritris.dir/C_/Users/Usuario/.pico-sdk/sdk/2.1.0/src/rp2_common/pico_stdio_usb/stdio_usb.c.obj
 .text.low_priority_worker_irq
                0x10003050       0xcc CMakeFiles/Tritris.dir/C_/Users/Usuario/.pico-sdk/sdk/2.1.0/src/rp2_common/pico_stdio_usb/stdio_usb.c.obj
 .text.stdio_usb_init
                0x1000311c       0xe8 CMakeFiles/Tritris.dir/C_/Users/Usuario/.pico-sdk/sdk/2.1.0/src/rp2_common/pico_stdio_usb/stdio_usb.c.obj
                0x1000311c                stdio_usb_init
 .text.tud_descriptor_device_cb
                0x10003204        0x8 CMakeFiles/Tritris.dir/C_/Users/Usuario/.pico-sdk/sdk/2.1.0/src/rp2_common/pico_stdio_usb/stdio_usb_descriptors.c.obj
                0x10003204                tud_descriptor_device_cb
 .text.tud_descriptor_configuration_cb
                0x1000320c        0x8 CMakeFiles/Tritris.dir/C_/Users/Usuario/.pico-sdk/sdk/2.1.0/src/rp2_common/pico_stdio_usb/stdio_usb_descriptors.c.obj
                0x1000320c                tud_descriptor_configuration_cb
 .text.tud_descriptor_string_cb
                0x10003214       0x78 CMakeFiles/Tritris.dir/C_/Users/Usuario/.pico-sdk/sdk/2.1.0/src/rp2_common/pico_stdio_usb/stdio_usb_descriptors.c.obj
                0x10003214                tud_descriptor_string_cb
 .text.startup._retrieve_unique_id_on_boot
                0x1000328c       0x10 CMakeFiles/Tritris.dir/C_/Users/Usuario/.pico-sdk/sdk/2.1.0/src/rp2_common/pico_unique_id/unique_id.c.obj
 .text.pico_get_unique_board_id_string
                0x1000329c      0x1a8 CMakeFiles/Tritris.dir/C_/Users/Usuario/.pico-sdk/sdk/2.1.0/src/rp2_common/pico_unique_id/unique_id.c.obj
                0x1000329c                pico_get_unique_board_id_string
 .text.flash_get_unique_id
                0x10003444       0x3c CMakeFiles/Tritris.dir/C_/Users/Usuario/.pico-sdk/sdk/2.1.0/src/rp2_common/hardware_flash/flash.c.obj
                0x10003444                flash_get_unique_id
 .text.dcd_init
                0x10003480       0x8c CMakeFiles/Tritris.dir/C_/Users/Usuario/.pico-sdk/sdk/2.1.0/lib/tinyusb/src/portable/raspberrypi/rp2040/dcd_rp2040.c.obj
                0x10003480                dcd_init
 .text.dcd_int_enable
                0x1000350c        0xc CMakeFiles/Tritris.dir/C_/Users/Usuario/.pico-sdk/sdk/2.1.0/lib/tinyusb/src/portable/raspberrypi/rp2040/dcd_rp2040.c.obj
                0x1000350c                dcd_int_enable
 .text.dcd_set_address
                0x10003518       0x14 CMakeFiles/Tritris.dir/C_/Users/Usuario/.pico-sdk/sdk/2.1.0/lib/tinyusb/src/portable/raspberrypi/rp2040/dcd_rp2040.c.obj
                0x10003518                dcd_set_address
 .text.dcd_sof_enable
                0x1000352c       0x1c CMakeFiles/Tritris.dir/C_/Users/Usuario/.pico-sdk/sdk/2.1.0/lib/tinyusb/src/portable/raspberrypi/rp2040/dcd_rp2040.c.obj
                0x1000352c                dcd_sof_enable
 .text.dcd_edpt0_status_complete
                0x10003548       0x1c CMakeFiles/Tritris.dir/C_/Users/Usuario/.pico-sdk/sdk/2.1.0/lib/tinyusb/src/portable/raspberrypi/rp2040/dcd_rp2040.c.obj
                0x10003548                dcd_edpt0_status_complete
 .text.dcd_edpt_open
                0x10003564      0x108 CMakeFiles/Tritris.dir/C_/Users/Usuario/.pico-sdk/sdk/2.1.0/lib/tinyusb/src/portable/raspberrypi/rp2040/dcd_rp2040.c.obj
                0x10003564                dcd_edpt_open
 .text.dcd_edpt_close_all
                0x1000366c        0x8 CMakeFiles/Tritris.dir/C_/Users/Usuario/.pico-sdk/sdk/2.1.0/lib/tinyusb/src/portable/raspberrypi/rp2040/dcd_rp2040.c.obj
                0x1000366c                dcd_edpt_close_all
 .text.dcd_edpt_xfer
                0x10003674       0x24 CMakeFiles/Tritris.dir/C_/Users/Usuario/.pico-sdk/sdk/2.1.0/lib/tinyusb/src/portable/raspberrypi/rp2040/dcd_rp2040.c.obj
                0x10003674                dcd_edpt_xfer
 .text.dcd_edpt_stall
                0x10003698       0x34 CMakeFiles/Tritris.dir/C_/Users/Usuario/.pico-sdk/sdk/2.1.0/lib/tinyusb/src/portable/raspberrypi/rp2040/dcd_rp2040.c.obj
                0x10003698                dcd_edpt_stall
 .text.dcd_edpt_clear_stall
                0x100036cc       0x30 CMakeFiles/Tritris.dir/C_/Users/Usuario/.pico-sdk/sdk/2.1.0/lib/tinyusb/src/portable/raspberrypi/rp2040/dcd_rp2040.c.obj
                0x100036cc                dcd_edpt_clear_stall
 .text.rp2040_usb_init
                0x100036fc       0x40 CMakeFiles/Tritris.dir/C_/Users/Usuario/.pico-sdk/sdk/2.1.0/lib/tinyusb/src/portable/raspberrypi/rp2040/rp2040_usb.c.obj
                0x100036fc                rp2040_usb_init
 .text.hw_endpoint_xfer_start
                0x1000373c       0x40 CMakeFiles/Tritris.dir/C_/Users/Usuario/.pico-sdk/sdk/2.1.0/lib/tinyusb/src/portable/raspberrypi/rp2040/rp2040_usb.c.obj
                0x1000373c                hw_endpoint_xfer_start
 .text.tud_event_hook_cb
                0x1000377c        0x4 CMakeFiles/Tritris.dir/C_/Users/Usuario/.pico-sdk/sdk/2.1.0/lib/tinyusb/src/device/usbd.c.obj
                0x1000377c                tud_event_hook_cb
 .text.tud_sof_cb
                0x10003780        0x4 CMakeFiles/Tritris.dir/C_/Users/Usuario/.pico-sdk/sdk/2.1.0/lib/tinyusb/src/device/usbd.c.obj
                0x10003780                tud_sof_cb
 .text.tud_descriptor_device_qualifier_cb
                0x10003784        0x4 CMakeFiles/Tritris.dir/C_/Users/Usuario/.pico-sdk/sdk/2.1.0/lib/tinyusb/src/device/usbd.c.obj
                0x10003784                tud_descriptor_device_qualifier_cb
 .text.tud_descriptor_other_speed_configuration_cb
                0x10003788        0x4 CMakeFiles/Tritris.dir/C_/Users/Usuario/.pico-sdk/sdk/2.1.0/lib/tinyusb/src/device/usbd.c.obj
                0x10003788                tud_descriptor_other_speed_configuration_cb
 .text.tud_mount_cb
                0x1000378c        0x4 CMakeFiles/Tritris.dir/C_/Users/Usuario/.pico-sdk/sdk/2.1.0/lib/tinyusb/src/device/usbd.c.obj
                0x1000378c                tud_mount_cb
 .text.tud_umount_cb
                0x10003790        0x4 CMakeFiles/Tritris.dir/C_/Users/Usuario/.pico-sdk/sdk/2.1.0/lib/tinyusb/src/device/usbd.c.obj
                0x10003790                tud_umount_cb
 .text.tud_suspend_cb
                0x10003794        0x4 CMakeFiles/Tritris.dir/C_/Users/Usuario/.pico-sdk/sdk/2.1.0/lib/tinyusb/src/device/usbd.c.obj
                0x10003794                tud_suspend_cb
 .text.tud_resume_cb
                0x10003798        0x4 CMakeFiles/Tritris.dir/C_/Users/Usuario/.pico-sdk/sdk/2.1.0/lib/tinyusb/src/device/usbd.c.obj
                0x10003798                tud_resume_cb
 .text.tud_mounted
                0x1000379c       0x10 CMakeFiles/Tritris.dir/C_/Users/Usuario/.pico-sdk/sdk/2.1.0/lib/tinyusb/src/device/usbd.c.obj
                0x1000379c                tud_mounted
 .text.tud_suspended
                0x100037ac       0x10 CMakeFiles/Tritris.dir/C_/Users/Usuario/.pico-sdk/sdk/2.1.0/lib/tinyusb/src/device/usbd.c.obj
                0x100037ac                tud_suspended
 .text.tud_init
                0x100037bc       0xe4 CMakeFiles/Tritris.dir/C_/Users/Usuario/.pico-sdk/sdk/2.1.0/lib/tinyusb/src/device/usbd.c.obj
                0x100037bc                tud_init
 .text.tud_task_ext
                0x100038a0      0x800 CMakeFiles/Tritris.dir/C_/Users/Usuario/.pico-sdk/sdk/2.1.0/lib/tinyusb/src/device/usbd.c.obj
                0x100038a0                tud_task_ext
 .text.usbd_open_edpt_pair
                0x100040a0       0x9c CMakeFiles/Tritris.dir/C_/Users/Usuario/.pico-sdk/sdk/2.1.0/lib/tinyusb/src/device/usbd.c.obj
                0x100040a0                usbd_open_edpt_pair
 .text.usbd_edpt_open
                0x1000413c       0x34 CMakeFiles/Tritris.dir/C_/Users/Usuario/.pico-sdk/sdk/2.1.0/lib/tinyusb/src/device/usbd.c.obj
                0x1000413c                usbd_edpt_open
 .text.usbd_edpt_claim
                0x10004170       0x28 CMakeFiles/Tritris.dir/C_/Users/Usuario/.pico-sdk/sdk/2.1.0/lib/tinyusb/src/device/usbd.c.obj
                0x10004170                usbd_edpt_claim
 .text.usbd_edpt_release
                0x10004198       0x28 CMakeFiles/Tritris.dir/C_/Users/Usuario/.pico-sdk/sdk/2.1.0/lib/tinyusb/src/device/usbd.c.obj
                0x10004198                usbd_edpt_release
 .text.usbd_edpt_xfer
                0x100041c0       0x4c CMakeFiles/Tritris.dir/C_/Users/Usuario/.pico-sdk/sdk/2.1.0/lib/tinyusb/src/device/usbd.c.obj
                0x100041c0                usbd_edpt_xfer
 .text.tud_control_status
                0x1000420c       0x2c CMakeFiles/Tritris.dir/C_/Users/Usuario/.pico-sdk/sdk/2.1.0/lib/tinyusb/src/device/usbd_control.c.obj
                0x1000420c                tud_control_status
 .text.tud_control_xfer
                0x10004238       0xac CMakeFiles/Tritris.dir/C_/Users/Usuario/.pico-sdk/sdk/2.1.0/lib/tinyusb/src/device/usbd_control.c.obj
                0x10004238                tud_control_xfer
 .text.usbd_control_reset
                0x100042e4       0x14 CMakeFiles/Tritris.dir/C_/Users/Usuario/.pico-sdk/sdk/2.1.0/lib/tinyusb/src/device/usbd_control.c.obj
                0x100042e4                usbd_control_reset
 .text.usbd_control_set_complete_callback
                0x100042f8        0xc CMakeFiles/Tritris.dir/C_/Users/Usuario/.pico-sdk/sdk/2.1.0/lib/tinyusb/src/device/usbd_control.c.obj
                0x100042f8                usbd_control_set_complete_callback
 .text.usbd_control_set_request
                0x10004304       0x1c CMakeFiles/Tritris.dir/C_/Users/Usuario/.pico-sdk/sdk/2.1.0/lib/tinyusb/src/device/usbd_control.c.obj
                0x10004304                usbd_control_set_request
 .text.usbd_control_xfer_cb
                0x10004320       0xec CMakeFiles/Tritris.dir/C_/Users/Usuario/.pico-sdk/sdk/2.1.0/lib/tinyusb/src/device/usbd_control.c.obj
                0x10004320                usbd_control_xfer_cb
 .text._prep_out_transaction.isra.0
                0x1000440c       0x5c CMakeFiles/Tritris.dir/C_/Users/Usuario/.pico-sdk/sdk/2.1.0/lib/tinyusb/src/class/cdc/cdc_device.c.obj
 .text.tud_cdc_n_connected
                0x10004468       0x30 CMakeFiles/Tritris.dir/C_/Users/Usuario/.pico-sdk/sdk/2.1.0/lib/tinyusb/src/class/cdc/cdc_device.c.obj
                0x10004468                tud_cdc_n_connected
 .text.tud_cdc_n_available
                0x10004498       0x18 CMakeFiles/Tritris.dir/C_/Users/Usuario/.pico-sdk/sdk/2.1.0/lib/tinyusb/src/class/cdc/cdc_device.c.obj
                0x10004498                tud_cdc_n_available
 .text.tud_cdc_n_read
                0x100044b0       0x98 CMakeFiles/Tritris.dir/C_/Users/Usuario/.pico-sdk/sdk/2.1.0/lib/tinyusb/src/class/cdc/cdc_device.c.obj
                0x100044b0                tud_cdc_n_read
 .text.tud_cdc_n_write_flush
                0x10004548       0x78 CMakeFiles/Tritris.dir/C_/Users/Usuario/.pico-sdk/sdk/2.1.0/lib/tinyusb/src/class/cdc/cdc_device.c.obj
                0x10004548                tud_cdc_n_write_flush
 .text.tud_cdc_n_write
                0x100045c0       0x40 CMakeFiles/Tritris.dir/C_/Users/Usuario/.pico-sdk/sdk/2.1.0/lib/tinyusb/src/class/cdc/cdc_device.c.obj
                0x100045c0                tud_cdc_n_write
 .text.tud_cdc_n_write_available
                0x10004600       0x18 CMakeFiles/Tritris.dir/C_/Users/Usuario/.pico-sdk/sdk/2.1.0/lib/tinyusb/src/class/cdc/cdc_device.c.obj
                0x10004600                tud_cdc_n_write_available
 .text.cdcd_init
                0x10004618       0x7c CMakeFiles/Tritris.dir/C_/Users/Usuario/.pico-sdk/sdk/2.1.0/lib/tinyusb/src/class/cdc/cdc_device.c.obj
                0x10004618                cdcd_init
 .text.cdcd_deinit
                0x10004694       0x34 CMakeFiles/Tritris.dir/C_/Users/Usuario/.pico-sdk/sdk/2.1.0/lib/tinyusb/src/class/cdc/cdc_device.c.obj
                0x10004694                cdcd_deinit
 .text.cdcd_reset
                0x100046c8       0x4c CMakeFiles/Tritris.dir/C_/Users/Usuario/.pico-sdk/sdk/2.1.0/lib/tinyusb/src/class/cdc/cdc_device.c.obj
                0x100046c8                cdcd_reset
 .text.cdcd_open
                0x10004714       0xb0 CMakeFiles/Tritris.dir/C_/Users/Usuario/.pico-sdk/sdk/2.1.0/lib/tinyusb/src/class/cdc/cdc_device.c.obj
                0x10004714                cdcd_open
 .text.cdcd_control_xfer_cb
                0x100047c4       0xe4 CMakeFiles/Tritris.dir/C_/Users/Usuario/.pico-sdk/sdk/2.1.0/lib/tinyusb/src/class/cdc/cdc_device.c.obj
                0x100047c4                cdcd_control_xfer_cb
 .text.cdcd_xfer_cb
                0x100048a8      0x100 CMakeFiles/Tritris.dir/C_/Users/Usuario/.pico-sdk/sdk/2.1.0/lib/tinyusb/src/class/cdc/cdc_device.c.obj
                0x100048a8                cdcd_xfer_cb
 .text.vendord_init
                0x100049a8       0x5c CMakeFiles/Tritris.dir/C_/Users/Usuario/.pico-sdk/sdk/2.1.0/lib/tinyusb/src/class/vendor/vendor_device.c.obj
                0x100049a8                vendord_init
 .text.vendord_deinit
                0x10004a04       0x1c CMakeFiles/Tritris.dir/C_/Users/Usuario/.pico-sdk/sdk/2.1.0/lib/tinyusb/src/class/vendor/vendor_device.c.obj
                0x10004a04                vendord_deinit
 .text.vendord_reset
                0x10004a20       0x20 CMakeFiles/Tritris.dir/C_/Users/Usuario/.pico-sdk/sdk/2.1.0/lib/tinyusb/src/class/vendor/vendor_device.c.obj
                0x10004a20                vendord_reset
 .text.vendord_open
                0x10004a40      0x138 CMakeFiles/Tritris.dir/C_/Users/Usuario/.pico-sdk/sdk/2.1.0/lib/tinyusb/src/class/vendor/vendor_device.c.obj
                0x10004a40                vendord_open
 .text.vendord_xfer_cb
                0x10004b78       0x9c CMakeFiles/Tritris.dir/C_/Users/Usuario/.pico-sdk/sdk/2.1.0/lib/tinyusb/src/class/vendor/vendor_device.c.obj
                0x10004b78                vendord_xfer_cb
 .text.tusb_init
                0x10004c14        0xc CMakeFiles/Tritris.dir/C_/Users/Usuario/.pico-sdk/sdk/2.1.0/lib/tinyusb/src/tusb.c.obj
                0x10004c14                tusb_init
 .text.tu_edpt_claim
                0x10004c20       0x50 CMakeFiles/Tritris.dir/C_/Users/Usuario/.pico-sdk/sdk/2.1.0/lib/tinyusb/src/tusb.c.obj
                0x10004c20                tu_edpt_claim
 .text.tu_edpt_release
                0x10004c70       0x38 CMakeFiles/Tritris.dir/C_/Users/Usuario/.pico-sdk/sdk/2.1.0/lib/tinyusb/src/tusb.c.obj
                0x10004c70                tu_edpt_release
 .text.tu_edpt_validate
                0x10004ca8       0x7c CMakeFiles/Tritris.dir/C_/Users/Usuario/.pico-sdk/sdk/2.1.0/lib/tinyusb/src/tusb.c.obj
                0x10004ca8                tu_edpt_validate
 .text.tu_edpt_bind_driver
                0x10004d24       0x34 CMakeFiles/Tritris.dir/C_/Users/Usuario/.pico-sdk/sdk/2.1.0/lib/tinyusb/src/tusb.c.obj
                0x10004d24                tu_edpt_bind_driver
 .text.tu_edpt_stream_init
                0x10004d58       0x6c CMakeFiles/Tritris.dir/C_/Users/Usuario/.pico-sdk/sdk/2.1.0/lib/tinyusb/src/tusb.c.obj
                0x10004d58                tu_edpt_stream_init
 .text.tu_edpt_stream_deinit
                0x10004dc4        0x4 CMakeFiles/Tritris.dir/C_/Users/Usuario/.pico-sdk/sdk/2.1.0/lib/tinyusb/src/tusb.c.obj
                0x10004dc4                tu_edpt_stream_deinit
 .text.tu_edpt_stream_write_zlp_if_needed
                0x10004dc8       0x68 CMakeFiles/Tritris.dir/C_/Users/Usuario/.pico-sdk/sdk/2.1.0/lib/tinyusb/src/tusb.c.obj
                0x10004dc8                tu_edpt_stream_write_zlp_if_needed
 .text.tu_edpt_stream_write_xfer
                0x10004e30       0x64 CMakeFiles/Tritris.dir/C_/Users/Usuario/.pico-sdk/sdk/2.1.0/lib/tinyusb/src/tusb.c.obj
                0x10004e30                tu_edpt_stream_write_xfer
 .text.tu_edpt_stream_read_xfer
                0x10004e94       0xdc CMakeFiles/Tritris.dir/C_/Users/Usuario/.pico-sdk/sdk/2.1.0/lib/tinyusb/src/tusb.c.obj
                0x10004e94                tu_edpt_stream_read_xfer
 .text.tu_fifo_config
                0x10004f70       0x6c CMakeFiles/Tritris.dir/C_/Users/Usuario/.pico-sdk/sdk/2.1.0/lib/tinyusb/src/common/tusb_fifo.c.obj
                0x10004f70                tu_fifo_config
 .text.tu_fifo_count
                0x10004fdc       0x2c CMakeFiles/Tritris.dir/C_/Users/Usuario/.pico-sdk/sdk/2.1.0/lib/tinyusb/src/common/tusb_fifo.c.obj
                0x10004fdc                tu_fifo_count
 .text.tu_fifo_empty
                0x10005008       0x10 CMakeFiles/Tritris.dir/C_/Users/Usuario/.pico-sdk/sdk/2.1.0/lib/tinyusb/src/common/tusb_fifo.c.obj
                0x10005008                tu_fifo_empty
 .text.tu_fifo_remaining
                0x10005018       0x2c CMakeFiles/Tritris.dir/C_/Users/Usuario/.pico-sdk/sdk/2.1.0/lib/tinyusb/src/common/tusb_fifo.c.obj
                0x10005018                tu_fifo_remaining
 .text.tu_fifo_read
                0x10005044       0x9c CMakeFiles/Tritris.dir/C_/Users/Usuario/.pico-sdk/sdk/2.1.0/lib/tinyusb/src/common/tusb_fifo.c.obj
                0x10005044                tu_fifo_read
 .text.tu_fifo_read_n
                0x100050e0       0xe8 CMakeFiles/Tritris.dir/C_/Users/Usuario/.pico-sdk/sdk/2.1.0/lib/tinyusb/src/common/tusb_fifo.c.obj
                0x100050e0                tu_fifo_read_n
 .text.tu_fifo_write
                0x100051c8       0xa8 CMakeFiles/Tritris.dir/C_/Users/Usuario/.pico-sdk/sdk/2.1.0/lib/tinyusb/src/common/tusb_fifo.c.obj
                0x100051c8                tu_fifo_write
 .text.tu_fifo_write_n
                0x10005270      0x178 CMakeFiles/Tritris.dir/C_/Users/Usuario/.pico-sdk/sdk/2.1.0/lib/tinyusb/src/common/tusb_fifo.c.obj
                0x10005270                tu_fifo_write_n
 .text.tu_fifo_clear
                0x100053e8       0x40 CMakeFiles/Tritris.dir/C_/Users/Usuario/.pico-sdk/sdk/2.1.0/lib/tinyusb/src/common/tusb_fifo.c.obj
                0x100053e8                tu_fifo_clear
 .text.tu_fifo_set_overwritable
                0x10005428       0x48 CMakeFiles/Tritris.dir/C_/Users/Usuario/.pico-sdk/sdk/2.1.0/lib/tinyusb/src/common/tusb_fifo.c.obj
                0x10005428                tu_fifo_set_overwritable
 .text.adc_init
                0x10005470       0x38 CMakeFiles/Tritris.dir/C_/Users/Usuario/.pico-sdk/sdk/2.1.0/src/rp2_common/hardware_adc/adc.c.obj
                0x10005470                adc_init
 .text.pio_claim_unused_sm
                0x100054a8       0x38 CMakeFiles/Tritris.dir/C_/Users/Usuario/.pico-sdk/sdk/2.1.0/src/rp2_common/hardware_pio/pio.c.obj
                0x100054a8                pio_claim_unused_sm
 .text.pio_add_program
                0x100054e0      0x104 CMakeFiles/Tritris.dir/C_/Users/Usuario/.pico-sdk/sdk/2.1.0/src/rp2_common/hardware_pio/pio.c.obj
                0x100054e0                pio_add_program
 .text.pio_sm_set_consecutive_pindirs
                0x100055e4       0xb4 CMakeFiles/Tritris.dir/C_/Users/Usuario/.pico-sdk/sdk/2.1.0/src/rp2_common/hardware_pio/pio.c.obj
                0x100055e4                pio_sm_set_consecutive_pindirs
 .text.pio_sm_init
                0x10005698       0x9c CMakeFiles/Tritris.dir/C_/Users/Usuario/.pico-sdk/sdk/2.1.0/src/rp2_common/hardware_pio/pio.c.obj
                0x10005698                pio_sm_init
 .text.rand     0x10005734       0x34 C:/Users/Usuario/.pico-sdk/toolchain/13_3_Rel1/bin/../lib/gcc/arm-none-eabi/13.3.1/thumb/v6-m/nofp\libg.a(libc_a-rand.o)
                0x10005734                rand
 .text.strlen   0x10005768       0x5c C:/Users/Usuario/.pico-sdk/toolchain/13_3_Rel1/bin/../lib/gcc/arm-none-eabi/13.3.1/thumb/v6-m/nofp\libg.a(libc_a-strlen-stub.o)
                0x10005768                strlen
 *(.fini)
 .fini          0x100057c4        0x4 C:/Users/Usuario/.pico-sdk/toolchain/13_3_Rel1/bin/../lib/gcc/arm-none-eabi/13.3.1/thumb/v6-m/nofp/crti.o
                0x100057c4                _fini
 .fini.__stub   0x100057c8       0xb0 linker stubs
 *crtbegin.o(.ctors)
 *crtbegin?.o(.ctors)
 *(EXCLUDE_FILE(*crtend.o *crtend?.o) .ctors)
 *(SORT_BY_NAME(.ctors.*))
 *(.ctors)
 *crtbegin.o(.dtors)
 *crtbegin?.o(.dtors)
 *(EXCLUDE_FILE(*crtend.o *crtend?.o) .dtors)
 *(SORT_BY_NAME(.dtors.*))
 *(.dtors)
                0x10005878                        . = ALIGN (0x4)
                0x10005878                        PROVIDE (__preinit_array_start = .)
 *(SORT_BY_NAME(.preinit_array.*))
 .preinit_array.00100
                0x10005878        0x4 CMakeFiles/Tritris.dir/C_/Users/Usuario/.pico-sdk/sdk/2.1.0/src/rp2_common/pico_runtime_init/runtime_init.c.obj
                0x10005878                __pre_init_runtime_init_early_resets
 .preinit_array.00101
                0x1000587c        0x4 CMakeFiles/Tritris.dir/C_/Users/Usuario/.pico-sdk/sdk/2.1.0/src/rp2_common/pico_runtime_init/runtime_init.c.obj
                0x1000587c                __pre_init_runtime_init_usb_power_down
 .preinit_array.00275
                0x10005880        0x4 CMakeFiles/Tritris.dir/C_/Users/Usuario/.pico-sdk/sdk/2.1.0/src/rp2_common/pico_bit_ops/bit_ops_aeabi.S.obj
 .preinit_array.00300
                0x10005884        0x4 CMakeFiles/Tritris.dir/C_/Users/Usuario/.pico-sdk/sdk/2.1.0/src/rp2_common/pico_mem_ops/mem_ops_aeabi.S.obj
 .preinit_array.00350
                0x10005888        0x4 CMakeFiles/Tritris.dir/C_/Users/Usuario/.pico-sdk/sdk/2.1.0/src/rp2_common/pico_double/double_aeabi_rp2040.S.obj
 .preinit_array.00350
                0x1000588c        0x4 CMakeFiles/Tritris.dir/C_/Users/Usuario/.pico-sdk/sdk/2.1.0/src/rp2_common/pico_float/float_aeabi_rp2040.S.obj
 .preinit_array.00500
                0x10005890        0x4 CMakeFiles/Tritris.dir/C_/Users/Usuario/.pico-sdk/sdk/2.1.0/src/rp2_common/pico_runtime_init/runtime_init.c.obj
                0x10005890                __pre_init_runtime_init_clocks
 .preinit_array.00600
                0x10005894        0x4 CMakeFiles/Tritris.dir/C_/Users/Usuario/.pico-sdk/sdk/2.1.0/src/rp2_common/pico_runtime_init/runtime_init.c.obj
                0x10005894                __pre_init_runtime_init_post_clock_resets
 .preinit_array.00700
                0x10005898        0x4 CMakeFiles/Tritris.dir/C_/Users/Usuario/.pico-sdk/sdk/2.1.0/src/rp2_common/pico_runtime_init/runtime_init.c.obj
                0x10005898                __pre_init_runtime_init_rp2040_gpio_ie_disable
 .preinit_array.01000
                0x1000589c        0x4 CMakeFiles/Tritris.dir/C_/Users/Usuario/.pico-sdk/sdk/2.1.0/src/rp2_common/pico_runtime_init/runtime_init.c.obj
                0x1000589c                __pre_init_runtime_init_spin_locks_reset
 .preinit_array.01100
                0x100058a0        0x4 CMakeFiles/Tritris.dir/C_/Users/Usuario/.pico-sdk/sdk/2.1.0/src/common/pico_sync/mutex.c.obj
                0x100058a0                __pre_init_runtime_init_mutex
 .preinit_array.10080
                0x100058a4        0x4 CMakeFiles/Tritris.dir/C_/Users/Usuario/.pico-sdk/sdk/2.1.0/src/rp2_common/pico_runtime_init/runtime_init.c.obj
                0x100058a4                __pre_init_runtime_init_install_ram_vector_table
 .preinit_array.11000
                0x100058a8        0x4 CMakeFiles/Tritris.dir/C_/Users/Usuario/.pico-sdk/sdk/2.1.0/src/common/pico_time/time.c.obj
                0x100058a8                __pre_init_runtime_init_default_alarm_pool
 .preinit_array.YYYYY
                0x100058ac        0x4 CMakeFiles/Tritris.dir/C_/Users/Usuario/.pico-sdk/sdk/2.1.0/src/rp2_common/pico_runtime/runtime.c.obj
                0x100058ac                __pre_init_first_per_core_initializer
 .preinit_array.ZZZZZ.01200
                0x100058b0        0x4 CMakeFiles/Tritris.dir/C_/Users/Usuario/.pico-sdk/sdk/2.1.0/src/rp2_common/hardware_irq/irq.c.obj
                0x100058b0                __pre_init_runtime_init_per_core_irq_priorities
 *(.preinit_array)
                0x100058b4                        PROVIDE (__preinit_array_end = .)
                0x100058b4                        . = ALIGN (0x4)
                0x100058b4                        PROVIDE (__init_array_start = .)
 *(SORT_BY_NAME(.init_array.*))
 *(.init_array)
 .init_array    0x100058b4        0x4 C:/Users/Usuario/.pico-sdk/toolchain/13_3_Rel1/bin/../lib/gcc/arm-none-eabi/13.3.1/thumb/v6-m/nofp/crtbegin.o
 .init_array    0x100058b8        0x4 CMakeFiles/Tritris.dir/C_/Users/Usuario/.pico-sdk/sdk/2.1.0/src/rp2_common/pico_unique_id/unique_id.c.obj
                0x100058bc                        PROVIDE (__init_array_end = .)
                0x100058bc                        . = ALIGN (0x4)
                [!provide]                        PROVIDE (__fini_array_start = .)
 *(SORT_BY_NAME(.fini_array.*))
 *(.fini_array)
                [!provide]                        PROVIDE (__fini_array_end = .)
 *(.eh_frame*)
 .eh_frame      0x100058bc        0x0 C:/Users/Usuario/.pico-sdk/toolchain/13_3_Rel1/bin/../lib/gcc/arm-none-eabi/13.3.1/thumb/v6-m/nofp/crtbegin.o
                0x100058bc                        . = ALIGN (0x4)

.glue_7         0x100058bc        0x0
 .glue_7        0x100058bc        0x0 linker stubs

.glue_7t        0x100058bc        0x0
 .glue_7t       0x100058bc        0x0 linker stubs

.vfp11_veneer   0x100058bc        0x0
 .vfp11_veneer  0x100058bc        0x0 linker stubs

.v4_bx          0x100058bc        0x0
 .v4_bx         0x100058bc        0x0 linker stubs

.iplt           0x100058bc        0x0
 .iplt          0x100058bc        0x0 C:/Users/Usuario/.pico-sdk/toolchain/13_3_Rel1/bin/../lib/gcc/arm-none-eabi/13.3.1/thumb/v6-m/nofp/crtbegin.o

.rodata         0x100058bc      0x468
 *(EXCLUDE_FILE(*libm.a: *libc.a:*lib_a-mem*.o *libgcc.a:) .rodata*)
 .rodata.ws2812_program
                0x100058bc        0x8 CMakeFiles/Tritris.dir/Tritris.c.obj
 .rodata.ws2812_program_instructions
                0x100058c4        0x8 CMakeFiles/Tritris.dir/Tritris.c.obj
 .rodata.panic.str1.4
                0x100058cc      0x194 CMakeFiles/Tritris.dir/C_/Users/Usuario/.pico-sdk/sdk/2.1.0/src/rp2_common/pico_platform_panic/panic.c.obj
                                 0x12 (size before relaxing)
 .rodata.spin_lock_claim_unused.str1.4
                0x10005a60       0x1b CMakeFiles/Tritris.dir/C_/Users/Usuario/.pico-sdk/sdk/2.1.0/src/rp2_common/hardware_sync/sync.c.obj
 .rodata.user_irq_claim_unused.str1.4
                0x10005a60       0x1b CMakeFiles/Tritris.dir/C_/Users/Usuario/.pico-sdk/sdk/2.1.0/src/rp2_common/hardware_irq/irq.c.obj
 .rodata.timer_hardware_alarm_claim.str1.4
                0x10005a60       0x22 CMakeFiles/Tritris.dir/C_/Users/Usuario/.pico-sdk/sdk/2.1.0/src/rp2_common/hardware_timer/timer.c.obj
 .rodata.hard_assertion_failure.str1.4
                0x10005a60        0xc CMakeFiles/Tritris.dir/C_/Users/Usuario/.pico-sdk/sdk/2.1.0/src/rp2_common/pico_runtime/runtime.c.obj
 .rodata.missing_double_func_shim.str1.4
                0x10005a60       0x18 CMakeFiles/Tritris.dir/C_/Users/Usuario/.pico-sdk/sdk/2.1.0/src/rp2_common/pico_double/double_init_rom_rp2040.c.obj
 .rodata.missing_float_func_shim.str1.4
                0x10005a60        0x1 CMakeFiles/Tritris.dir/C_/Users/Usuario/.pico-sdk/sdk/2.1.0/src/rp2_common/pico_float/float_init_rom_rp2040.c.obj
 .rodata.str1.4
                0x10005a60       0x40 CMakeFiles/Tritris.dir/C_/Users/Usuario/.pico-sdk/sdk/2.1.0/src/rp2_common/pico_standard_binary_info/standard_binary_info.c.obj
 .rodata.__bi_84
                0x10005a60        0xc CMakeFiles/Tritris.dir/C_/Users/Usuario/.pico-sdk/sdk/2.1.0/src/rp2_common/pico_standard_binary_info/standard_binary_info.c.obj
 .rodata.__bi_78
                0x10005a6c        0xc CMakeFiles/Tritris.dir/C_/Users/Usuario/.pico-sdk/sdk/2.1.0/src/rp2_common/pico_standard_binary_info/standard_binary_info.c.obj
 .rodata.__bi_60
                0x10005a78        0xc CMakeFiles/Tritris.dir/C_/Users/Usuario/.pico-sdk/sdk/2.1.0/src/rp2_common/pico_standard_binary_info/standard_binary_info.c.obj
 .rodata.__bi_54
                0x10005a84        0xc CMakeFiles/Tritris.dir/C_/Users/Usuario/.pico-sdk/sdk/2.1.0/src/rp2_common/pico_standard_binary_info/standard_binary_info.c.obj
 .rodata.__bi_48
                0x10005a90        0xc CMakeFiles/Tritris.dir/C_/Users/Usuario/.pico-sdk/sdk/2.1.0/src/rp2_common/pico_standard_binary_info/standard_binary_info.c.obj
 .rodata.__bi_42
                0x10005a9c        0xc CMakeFiles/Tritris.dir/C_/Users/Usuario/.pico-sdk/sdk/2.1.0/src/rp2_common/pico_standard_binary_info/standard_binary_info.c.obj
 .rodata.__bi_34
                0x10005aa8        0xc CMakeFiles/Tritris.dir/C_/Users/Usuario/.pico-sdk/sdk/2.1.0/src/rp2_common/pico_standard_binary_info/standard_binary_info.c.obj
 .rodata.__bi_26
                0x10005ab4        0xc CMakeFiles/Tritris.dir/C_/Users/Usuario/.pico-sdk/sdk/2.1.0/src/rp2_common/pico_standard_binary_info/standard_binary_info.c.obj
 .rodata.crlf_str.0
                0x10005ac0        0x2 CMakeFiles/Tritris.dir/C_/Users/Usuario/.pico-sdk/sdk/2.1.0/src/rp2_common/pico_stdio/stdio.c.obj
 *fill*         0x10005ac2        0x2 
 .rodata._resetd_driver
                0x10005ac4       0x20 CMakeFiles/Tritris.dir/C_/Users/Usuario/.pico-sdk/sdk/2.1.0/src/rp2_common/pico_stdio_usb/reset_interface.c.obj
 .rodata.desc_ms_os_20
                0x10005ae4       0xa6 CMakeFiles/Tritris.dir/C_/Users/Usuario/.pico-sdk/sdk/2.1.0/src/rp2_common/pico_stdio_usb/reset_interface.c.obj
 *fill*         0x10005b8a        0x2 
 .rodata.desc_bos
                0x10005b8c       0x21 CMakeFiles/Tritris.dir/C_/Users/Usuario/.pico-sdk/sdk/2.1.0/src/rp2_common/pico_stdio_usb/reset_interface.c.obj
                0x10005b8c                desc_bos
 .rodata.str1.4
                0x10005bad       0x13 CMakeFiles/Tritris.dir/C_/Users/Usuario/.pico-sdk/sdk/2.1.0/src/rp2_common/pico_stdio_usb/stdio_usb.c.obj
 *fill*         0x10005bad        0x3 
 .rodata.__bi_197.0
                0x10005bb0        0xc CMakeFiles/Tritris.dir/C_/Users/Usuario/.pico-sdk/sdk/2.1.0/src/rp2_common/pico_stdio_usb/stdio_usb.c.obj
 .rodata.str1.4
                0x10005bbc       0x2a CMakeFiles/Tritris.dir/C_/Users/Usuario/.pico-sdk/sdk/2.1.0/src/rp2_common/pico_stdio_usb/stdio_usb_descriptors.c.obj
 .rodata.usbd_desc_str
                0x10005bbc       0x18 CMakeFiles/Tritris.dir/C_/Users/Usuario/.pico-sdk/sdk/2.1.0/src/rp2_common/pico_stdio_usb/stdio_usb_descriptors.c.obj
 .rodata.usbd_desc_cfg
                0x10005bd4       0x54 CMakeFiles/Tritris.dir/C_/Users/Usuario/.pico-sdk/sdk/2.1.0/src/rp2_common/pico_stdio_usb/stdio_usb_descriptors.c.obj
 .rodata.usbd_desc_device
                0x10005c28       0x12 CMakeFiles/Tritris.dir/C_/Users/Usuario/.pico-sdk/sdk/2.1.0/src/rp2_common/pico_stdio_usb/stdio_usb_descriptors.c.obj
 .rodata.str1.4
                0x10005c3a       0x14 CMakeFiles/Tritris.dir/C_/Users/Usuario/.pico-sdk/sdk/2.1.0/lib/tinyusb/src/portable/raspberrypi/rp2040/dcd_rp2040.c.obj
 .rodata.str1.4
                0x10005c3a       0x48 CMakeFiles/Tritris.dir/C_/Users/Usuario/.pico-sdk/sdk/2.1.0/lib/tinyusb/src/portable/raspberrypi/rp2040/rp2040_usb.c.obj
 *fill*         0x10005c3a        0x2 
 .rodata.tud_task_ext
                0x10005c3c       0x8c CMakeFiles/Tritris.dir/C_/Users/Usuario/.pico-sdk/sdk/2.1.0/lib/tinyusb/src/device/usbd.c.obj
 .rodata        0x10005cc8       0x1c CMakeFiles/Tritris.dir/C_/Users/Usuario/.pico-sdk/sdk/2.1.0/lib/tinyusb/src/device/usbd.c.obj
 .rodata._usbd_driver
                0x10005ce4       0x40 CMakeFiles/Tritris.dir/C_/Users/Usuario/.pico-sdk/sdk/2.1.0/lib/tinyusb/src/device/usbd.c.obj
 .rodata.pio_claim_unused_sm.str1.4
                0x10005d24       0x24 CMakeFiles/Tritris.dir/C_/Users/Usuario/.pico-sdk/sdk/2.1.0/src/rp2_common/hardware_pio/pio.c.obj
                0x10005d48                        . = ALIGN (0x4)
 *(SORT_BY_ALIGNMENT(SORT_BY_NAME(.flashdata*)))
                0x10005d48                        . = ALIGN (0x4)

.ARM.extab
 *(.ARM.extab* .gnu.linkonce.armextab.*)
                0x10005d24                        __exidx_start = .

.ARM.exidx
 *(.ARM.exidx* .gnu.linkonce.armexidx.*)
                0x10005d24                        __exidx_end = .
                0x10005d48                        . = ALIGN (0x4)
                0x10005d24                        __binary_info_start = .

.binary_info    0x10005d24       0x24
 *(.binary_info.keep.*)
 .binary_info.keep.__bi_ptr84
                0x10005d24        0x4 CMakeFiles/Tritris.dir/C_/Users/Usuario/.pico-sdk/sdk/2.1.0/src/rp2_common/pico_standard_binary_info/standard_binary_info.c.obj
 .binary_info.keep.__bi_ptr78
                0x10005d28        0x4 CMakeFiles/Tritris.dir/C_/Users/Usuario/.pico-sdk/sdk/2.1.0/src/rp2_common/pico_standard_binary_info/standard_binary_info.c.obj
 .binary_info.keep.__bi_ptr60
                0x10005d2c        0x4 CMakeFiles/Tritris.dir/C_/Users/Usuario/.pico-sdk/sdk/2.1.0/src/rp2_common/pico_standard_binary_info/standard_binary_info.c.obj
 .binary_info.keep.__bi_ptr54
                0x10005d30        0x4 CMakeFiles/Tritris.dir/C_/Users/Usuario/.pico-sdk/sdk/2.1.0/src/rp2_common/pico_standard_binary_info/standard_binary_info.c.obj
 .binary_info.keep.__bi_ptr48
                0x10005d34        0x4 CMakeFiles/Tritris.dir/C_/Users/Usuario/.pico-sdk/sdk/2.1.0/src/rp2_common/pico_standard_binary_info/standard_binary_info.c.obj
 .binary_info.keep.__bi_ptr42
                0x10005d38        0x4 CMakeFiles/Tritris.dir/C_/Users/Usuario/.pico-sdk/sdk/2.1.0/src/rp2_common/pico_standard_binary_info/standard_binary_info.c.obj
 .binary_info.keep.__bi_ptr34
                0x10005d3c        0x4 CMakeFiles/Tritris.dir/C_/Users/Usuario/.pico-sdk/sdk/2.1.0/src/rp2_common/pico_standard_binary_info/standard_binary_info.c.obj
 .binary_info.keep.__bi_ptr26
                0x10005d40        0x4 CMakeFiles/Tritris.dir/C_/Users/Usuario/.pico-sdk/sdk/2.1.0/src/rp2_common/pico_standard_binary_info/standard_binary_info.c.obj
 *(.binary_info.*)
 .binary_info.__bi_ptr197
                0x10005d44        0x4 CMakeFiles/Tritris.dir/C_/Users/Usuario/.pico-sdk/sdk/2.1.0/src/rp2_common/pico_stdio_usb/stdio_usb.c.obj
                0x10005d48                        __binary_info_end = .

.rel.dyn        0x10005d48        0x0
 .rel.iplt      0x10005d48        0x0 C:/Users/Usuario/.pico-sdk/toolchain/13_3_Rel1/bin/../lib/gcc/arm-none-eabi/13.3.1/thumb/v6-m/nofp/crtbegin.o
                0x10005d48                        . = ALIGN (0x4)

.ram_vector_table
                0x20000000       0xc0
 *(.ram_vector_table)
 .ram_vector_table
                0x20000000       0xc0 CMakeFiles/Tritris.dir/C_/Users/Usuario/.pico-sdk/sdk/2.1.0/src/rp2_common/pico_runtime_init/runtime_init.c.obj
                0x20000000                ram_vector_table

.uninitialized_data
                0x200000c0        0x0
                0x200000c0                        . = ALIGN (0x4)
 *(.uninitialized_data*)

.data           0x200000c0     0x1108 load address 0x10005d48
                0x200000c0                        __data_start__ = .
 *(vtable)
 *(.time_critical*)
 .time_critical.mutex_try_enter
                0x200000c0       0x40 CMakeFiles/Tritris.dir/C_/Users/Usuario/.pico-sdk/sdk/2.1.0/src/common/pico_sync/mutex.c.obj
                0x200000c0                mutex_try_enter
 .time_critical.mutex_try_enter_block_until
                0x20000100       0x9c CMakeFiles/Tritris.dir/C_/Users/Usuario/.pico-sdk/sdk/2.1.0/src/common/pico_sync/mutex.c.obj
                0x20000100                mutex_try_enter_block_until
 .time_critical.mutex_enter_timeout_ms
                0x2000019c       0x90 CMakeFiles/Tritris.dir/C_/Users/Usuario/.pico-sdk/sdk/2.1.0/src/common/pico_sync/mutex.c.obj
                0x2000019c                mutex_enter_timeout_ms
 .time_critical.mutex_exit
                0x2000022c       0x28 CMakeFiles/Tritris.dir/C_/Users/Usuario/.pico-sdk/sdk/2.1.0/src/common/pico_sync/mutex.c.obj
                0x2000022c                mutex_exit
 .time_critical.flash_init_boot2_copyout
                0x20000254       0x30 CMakeFiles/Tritris.dir/C_/Users/Usuario/.pico-sdk/sdk/2.1.0/src/rp2_common/hardware_flash/flash.c.obj
 .time_critical.flash_enable_xip_via_boot2
                0x20000284        0xc CMakeFiles/Tritris.dir/C_/Users/Usuario/.pico-sdk/sdk/2.1.0/src/rp2_common/hardware_flash/flash.c.obj
 .time_critical.flash_cs_force
                0x20000290       0x38 CMakeFiles/Tritris.dir/C_/Users/Usuario/.pico-sdk/sdk/2.1.0/src/rp2_common/hardware_flash/flash.c.obj
 .time_critical.flash_do_cmd
                0x200002c8       0xc0 CMakeFiles/Tritris.dir/C_/Users/Usuario/.pico-sdk/sdk/2.1.0/src/rp2_common/hardware_flash/flash.c.obj
                0x200002c8                flash_do_cmd
 .time_critical.reset_non_control_endpoints
                0x20000388       0x68 CMakeFiles/Tritris.dir/C_/Users/Usuario/.pico-sdk/sdk/2.1.0/lib/tinyusb/src/portable/raspberrypi/rp2040/dcd_rp2040.c.obj
 .time_critical.hw_handle_buff_status
                0x200003f0       0xb0 CMakeFiles/Tritris.dir/C_/Users/Usuario/.pico-sdk/sdk/2.1.0/lib/tinyusb/src/portable/raspberrypi/rp2040/dcd_rp2040.c.obj
 .time_critical.dcd_rp2040_irq
                0x200004a0      0x578 CMakeFiles/Tritris.dir/C_/Users/Usuario/.pico-sdk/sdk/2.1.0/lib/tinyusb/src/portable/raspberrypi/rp2040/dcd_rp2040.c.obj
 .time_critical.prepare_ep_buffer
                0x20000a18       0xe0 CMakeFiles/Tritris.dir/C_/Users/Usuario/.pico-sdk/sdk/2.1.0/lib/tinyusb/src/portable/raspberrypi/rp2040/rp2040_usb.c.obj
 .time_critical.sync_ep_buffer
                0x20000af8       0xa8 CMakeFiles/Tritris.dir/C_/Users/Usuario/.pico-sdk/sdk/2.1.0/lib/tinyusb/src/portable/raspberrypi/rp2040/rp2040_usb.c.obj
 .time_critical._hw_endpoint_xfer_sync
                0x20000ba0       0x28 CMakeFiles/Tritris.dir/C_/Users/Usuario/.pico-sdk/sdk/2.1.0/lib/tinyusb/src/portable/raspberrypi/rp2040/rp2040_usb.c.obj
 .time_critical.e15_is_bulkin_ep
                0x20000bc8       0x28 CMakeFiles/Tritris.dir/C_/Users/Usuario/.pico-sdk/sdk/2.1.0/lib/tinyusb/src/portable/raspberrypi/rp2040/rp2040_usb.c.obj
 .time_critical.e15_is_critical_frame_period
                0x20000bf0       0x34 CMakeFiles/Tritris.dir/C_/Users/Usuario/.pico-sdk/sdk/2.1.0/lib/tinyusb/src/portable/raspberrypi/rp2040/rp2040_usb.c.obj
 .time_critical.hw_endpoint_reset_transfer
                0x20000c24        0xc CMakeFiles/Tritris.dir/C_/Users/Usuario/.pico-sdk/sdk/2.1.0/lib/tinyusb/src/portable/raspberrypi/rp2040/rp2040_usb.c.obj
                0x20000c24                hw_endpoint_reset_transfer
 .time_critical._hw_endpoint_buffer_control_update32
                0x20000c30       0x50 CMakeFiles/Tritris.dir/C_/Users/Usuario/.pico-sdk/sdk/2.1.0/lib/tinyusb/src/portable/raspberrypi/rp2040/rp2040_usb.c.obj
                0x20000c30                _hw_endpoint_buffer_control_update32
 .time_critical.hw_endpoint_start_next_buffer
                0x20000c80       0x6c CMakeFiles/Tritris.dir/C_/Users/Usuario/.pico-sdk/sdk/2.1.0/lib/tinyusb/src/portable/raspberrypi/rp2040/rp2040_usb.c.obj
                0x20000c80                hw_endpoint_start_next_buffer
 .time_critical.hw_endpoint_xfer_continue
                0x20000cec       0x40 CMakeFiles/Tritris.dir/C_/Users/Usuario/.pico-sdk/sdk/2.1.0/lib/tinyusb/src/portable/raspberrypi/rp2040/rp2040_usb.c.obj
                0x20000cec                hw_endpoint_xfer_continue
 .time_critical.tinyusb
                0x20000d2c      0x1e4 CMakeFiles/Tritris.dir/C_/Users/Usuario/.pico-sdk/sdk/2.1.0/lib/tinyusb/src/device/usbd.c.obj
                0x20000d2c                dcd_event_handler
 *(.text*)
 .text          0x20000f10        0x4 C:/Users/Usuario/.pico-sdk/toolchain/13_3_Rel1/bin/../lib/gcc/arm-none-eabi/13.3.1/thumb/v6-m/nofp\libgcc.a(_dvmd_tls.o)
                0x20000f10                __aeabi_idiv0
                0x20000f10                __aeabi_ldiv0
 *fill*         0x20000f14        0x4 
 .text.__stub   0x20000f18       0x80 linker stubs
                0x20000f98                        . = ALIGN (0x4)
 *(.rodata*)
                0x20000f98                        . = ALIGN (0x4)
 *(.data*)
 .data.pecaVertical
                0x20000f98       0x10 CMakeFiles/Tritris.dir/Tritris.c.obj
                0x20000f98                pecaVertical
 .data.pecaHorizontal
                0x20000fa8       0x10 CMakeFiles/Tritris.dir/Tritris.c.obj
                0x20000fa8                pecaHorizontal
 .data.striped_spin_lock_num
                0x20000fb8        0x1 CMakeFiles/Tritris.dir/C_/Users/Usuario/.pico-sdk/sdk/2.1.0/src/rp2_common/hardware_sync/sync.c.obj
 *fill*         0x20000fb9        0x3 
 .data          0x20000fbc       0x48 CMakeFiles/Tritris.dir/C_/Users/Usuario/.pico-sdk/sdk/2.1.0/src/rp2_common/hardware_irq/irq_handler_chain.S.obj
                0x20000fbc                irq_handler_chain_slots
                0x20000fec                irq_handler_chain_first_slot
                0x20000ff6                irq_handler_chain_remove_tail
 .data.default_alarm_pool
                0x20001004       0x18 CMakeFiles/Tritris.dir/C_/Users/Usuario/.pico-sdk/sdk/2.1.0/src/common/pico_time/time.c.obj
 *fill*         0x2000101c        0x4 
 .data.aeabi_bits_funcs
                0x20001020       0x10 CMakeFiles/Tritris.dir/C_/Users/Usuario/.pico-sdk/sdk/2.1.0/src/rp2_common/pico_bit_ops/bit_ops_aeabi.S.obj
                0x20001020                aeabi_bits_funcs
                0x20001030                aeabi_bits_funcs_end
 .data.aeabi_mem_funcs
                0x20001030       0x10 CMakeFiles/Tritris.dir/C_/Users/Usuario/.pico-sdk/sdk/2.1.0/src/rp2_common/pico_mem_ops/mem_ops_aeabi.S.obj
                0x20001030                aeabi_mem_funcs
                0x20001040                aeabi_mem_funcs_end
 .data.stdio_usb
                0x20001040       0x18 CMakeFiles/Tritris.dir/C_/Users/Usuario/.pico-sdk/sdk/2.1.0/src/rp2_common/pico_stdio_usb/stdio_usb.c.obj
                0x20001040                stdio_usb
 .data._usbd_qdef
                0x20001058       0x1c CMakeFiles/Tritris.dir/C_/Users/Usuario/.pico-sdk/sdk/2.1.0/lib/tinyusb/src/device/usbd.c.obj
                0x20001058                _usbd_qdef
 .data._usbd_rhport
                0x20001074        0x1 CMakeFiles/Tritris.dir/C_/Users/Usuario/.pico-sdk/sdk/2.1.0/lib/tinyusb/src/device/usbd.c.obj
 *fill*         0x20001075        0x3 
 .data._impure_ptr
                0x20001078        0x4 C:/Users/Usuario/.pico-sdk/toolchain/13_3_Rel1/bin/../lib/gcc/arm-none-eabi/13.3.1/thumb/v6-m/nofp\libg.a(libc_a-impure.o)
                0x20001078                _impure_ptr
 *fill*         0x2000107c        0x4 
 .data._impure_data
                0x20001080      0x140 C:/Users/Usuario/.pico-sdk/toolchain/13_3_Rel1/bin/../lib/gcc/arm-none-eabi/13.3.1/thumb/v6-m/nofp\libg.a(libc_a-impure.o)
                0x20001080                _impure_data
                0x200011c0                        . = ALIGN (0x4)
 *(.after_data.*)
                0x200011c0                        . = ALIGN (0x4)
                0x200011c0                        PROVIDE (__mutex_array_start = .)
 *(SORT_BY_NAME(.mutex_array.*))
 *(.mutex_array)
 .mutex_array   0x200011c0        0x8 CMakeFiles/Tritris.dir/C_/Users/Usuario/.pico-sdk/sdk/2.1.0/src/rp2_common/pico_stdio/stdio.c.obj
                0x200011c8                        PROVIDE (__mutex_array_end = .)
                0x200011c8                        . = ALIGN (0x4)
 *(.jcr)
                0x200011c8                        . = ALIGN (0x4)

.tm_clone_table
                0x200011c8        0x0 load address 0x10006e50
 .tm_clone_table
                0x200011c8        0x0 C:/Users/Usuario/.pico-sdk/toolchain/13_3_Rel1/bin/../lib/gcc/arm-none-eabi/13.3.1/thumb/v6-m/nofp/crtbegin.o
 .tm_clone_table
                0x200011c8        0x0 C:/Users/Usuario/.pico-sdk/toolchain/13_3_Rel1/bin/../lib/gcc/arm-none-eabi/13.3.1/thumb/v6-m/nofp/crtend.o

.igot.plt       0x200011c8        0x0 load address 0x10006e50
 .igot.plt      0x200011c8        0x0 C:/Users/Usuario/.pico-sdk/toolchain/13_3_Rel1/bin/../lib/gcc/arm-none-eabi/13.3.1/thumb/v6-m/nofp/crtbegin.o

.tdata          0x200011c8        0x0 load address 0x10006e50
                0x200011c8                        . = ALIGN (0x4)
 *(.tdata .tdata.* .gnu.linkonce.td.*)
                0x200011c8                        __tdata_end = .
                0x200011c8                        PROVIDE (__data_end__ = .)
                0x10005d48                        __etext = LOADADDR (.data)

.tbss           0x200011c8        0x0 load address 0x10006e50
                0x200011c8                        . = ALIGN (0x4)
                0x200011c8                        __bss_start__ = .
                0x200011c8                        __tls_base = .
 *(.tbss .tbss.* .gnu.linkonce.tb.*)
 *(.tcommon)
                0x200011c8                        __tls_end = .

.bss            0x200011c8     0x1254 load address 0x10006e50
                0x200011c8                        . = ALIGN (0x4)
                0x200011c8                        __tbss_end = .
 *(SORT_BY_ALIGNMENT(SORT_BY_NAME(.bss*)))
 .bss.default_alarm_pool_entries
                0x200011c8      0x180 CMakeFiles/Tritris.dir/C_/Users/Usuario/.pico-sdk/sdk/2.1.0/src/common/pico_time/time.c.obj
 .bss.last_avail_time.1
                0x20001348        0x8 CMakeFiles/Tritris.dir/C_/Users/Usuario/.pico-sdk/sdk/2.1.0/src/rp2_common/pico_stdio_usb/stdio_usb.c.obj
 .bss.sd_table  0x20001350      0x100 CMakeFiles/Tritris.dir/C_/Users/Usuario/.pico-sdk/sdk/2.1.0/src/rp2_common/pico_double/double_init_rom_rp2040.c.obj
                0x20001350                sd_table
 .bss.__sf      0x20001450      0x138 C:/Users/Usuario/.pico-sdk/toolchain/13_3_Rel1/bin/../lib/gcc/arm-none-eabi/13.3.1/thumb/v6-m/nofp\libg.a(libc_a-findfp.o)
                0x20001450                __sf
 .bss._app_driver
                0x20001588        0x4 CMakeFiles/Tritris.dir/C_/Users/Usuario/.pico-sdk/sdk/2.1.0/lib/tinyusb/src/device/usbd.c.obj
 .bss._cdcd_fifo_cfg
                0x2000158c        0x1 CMakeFiles/Tritris.dir/C_/Users/Usuario/.pico-sdk/sdk/2.1.0/lib/tinyusb/src/class/cdc/cdc_device.c.obj
 *fill*         0x2000158d        0x3 
 .bss._cdcd_itf
                0x20001590      0x2c8 CMakeFiles/Tritris.dir/C_/Users/Usuario/.pico-sdk/sdk/2.1.0/lib/tinyusb/src/class/cdc/cdc_device.c.obj
 .bss._ctrl_xfer
                0x20001858       0x14 CMakeFiles/Tritris.dir/C_/Users/Usuario/.pico-sdk/sdk/2.1.0/lib/tinyusb/src/device/usbd_control.c.obj
 .bss._ubsd_mutexdef
                0x2000186c        0x8 CMakeFiles/Tritris.dir/C_/Users/Usuario/.pico-sdk/sdk/2.1.0/lib/tinyusb/src/device/usbd.c.obj
 .bss._usbd_ctrl_buf
                0x20001874       0x40 CMakeFiles/Tritris.dir/C_/Users/Usuario/.pico-sdk/sdk/2.1.0/lib/tinyusb/src/device/usbd_control.c.obj
 .bss._usbd_dev
                0x200018b4       0x54 CMakeFiles/Tritris.dir/C_/Users/Usuario/.pico-sdk/sdk/2.1.0/lib/tinyusb/src/device/usbd.c.obj
 .bss._usbd_mutex
                0x20001908        0x4 CMakeFiles/Tritris.dir/C_/Users/Usuario/.pico-sdk/sdk/2.1.0/lib/tinyusb/src/device/usbd.c.obj
 .bss._usbd_q   0x2000190c        0x4 CMakeFiles/Tritris.dir/C_/Users/Usuario/.pico-sdk/sdk/2.1.0/lib/tinyusb/src/device/usbd.c.obj
 .bss._usbd_qdef_buf
                0x20001910       0xc0 CMakeFiles/Tritris.dir/C_/Users/Usuario/.pico-sdk/sdk/2.1.0/lib/tinyusb/src/device/usbd.c.obj
                0x20001910                _usbd_qdef_buf
 .bss._used_instruction_space
                0x200019d0        0x8 CMakeFiles/Tritris.dir/C_/Users/Usuario/.pico-sdk/sdk/2.1.0/src/rp2_common/hardware_pio/pio.c.obj
 .bss._vendord_itf
                0x200019d8      0x2cc CMakeFiles/Tritris.dir/C_/Users/Usuario/.pico-sdk/sdk/2.1.0/lib/tinyusb/src/class/vendor/vendor_device.c.obj
 .bss.boot2_copyout
                0x20001ca4      0x100 CMakeFiles/Tritris.dir/C_/Users/Usuario/.pico-sdk/sdk/2.1.0/src/rp2_common/hardware_flash/flash.c.obj
 .bss.callbacks
                0x20001da4        0x8 CMakeFiles/Tritris.dir/C_/Users/Usuario/.pico-sdk/sdk/2.1.0/src/rp2_common/hardware_gpio/gpio.c.obj
 .bss.chars_available_callback
                0x20001dac        0x4 CMakeFiles/Tritris.dir/C_/Users/Usuario/.pico-sdk/sdk/2.1.0/src/rp2_common/pico_stdio_usb/stdio_usb.c.obj
 .bss.chars_available_param
                0x20001db0        0x4 CMakeFiles/Tritris.dir/C_/Users/Usuario/.pico-sdk/sdk/2.1.0/src/rp2_common/pico_stdio_usb/stdio_usb.c.obj
 .bss.claimed   0x20001db4        0x4 CMakeFiles/Tritris.dir/C_/Users/Usuario/.pico-sdk/sdk/2.1.0/src/rp2_common/hardware_sync/sync.c.obj
 .bss.claimed   0x20001db8        0x1 CMakeFiles/Tritris.dir/C_/Users/Usuario/.pico-sdk/sdk/2.1.0/src/rp2_common/hardware_timer/timer.c.obj
 *fill*         0x20001db9        0x3 
 .bss.claimed   0x20001dbc        0x1 CMakeFiles/Tritris.dir/C_/Users/Usuario/.pico-sdk/sdk/2.1.0/src/rp2_common/hardware_pio/pio.c.obj
 *fill*         0x20001dbd        0x3 
 .bss.configured_freq
                0x20001dc0       0x28 CMakeFiles/Tritris.dir/C_/Users/Usuario/.pico-sdk/sdk/2.1.0/src/rp2_common/hardware_clocks/clocks.c.obj
 .bss.desc_str.0
                0x20001de8       0x28 CMakeFiles/Tritris.dir/C_/Users/Usuario/.pico-sdk/sdk/2.1.0/src/rp2_common/pico_stdio_usb/stdio_usb_descriptors.c.obj
 .bss.drivers   0x20001e10        0x4 CMakeFiles/Tritris.dir/C_/Users/Usuario/.pico-sdk/sdk/2.1.0/src/rp2_common/pico_stdio/stdio.c.obj
 .bss.e15_last_sof
                0x20001e14        0x4 CMakeFiles/Tritris.dir/C_/Users/Usuario/.pico-sdk/sdk/2.1.0/lib/tinyusb/src/portable/raspberrypi/rp2040/rp2040_usb.c.obj
                0x20001e14                e15_last_sof
 .bss.filter    0x20001e18        0x4 CMakeFiles/Tritris.dir/C_/Users/Usuario/.pico-sdk/sdk/2.1.0/src/rp2_common/pico_stdio/stdio.c.obj
 .bss.hw_endpoints
                0x20001e1c      0x400 CMakeFiles/Tritris.dir/C_/Users/Usuario/.pico-sdk/sdk/2.1.0/lib/tinyusb/src/portable/raspberrypi/rp2040/dcd_rp2040.c.obj
 .bss.lazy_vsnprintf
                0x2000221c        0x4 CMakeFiles/Tritris.dir/C_/Users/Usuario/.pico-sdk/sdk/2.1.0/src/rp2_common/pico_printf/printf.c.obj
 .bss.load_value
                0x20002220        0x4 CMakeFiles/Tritris.dir/C_/Users/Usuario/.pico-sdk/sdk/2.1.0/src/rp2_common/hardware_watchdog/watchdog.c.obj
 .bss.matriz    0x20002224       0x64 CMakeFiles/Tritris.dir/Tritris.c.obj
                0x20002224                matriz
 .bss.next_buffer_ptr
                0x20002288        0x4 CMakeFiles/Tritris.dir/C_/Users/Usuario/.pico-sdk/sdk/2.1.0/lib/tinyusb/src/portable/raspberrypi/rp2040/dcd_rp2040.c.obj
 .bss.object.0  0x2000228c       0x18 C:/Users/Usuario/.pico-sdk/toolchain/13_3_Rel1/bin/../lib/gcc/arm-none-eabi/13.3.1/thumb/v6-m/nofp/crtbegin.o
 .bss.one_shot_timer_crit_sec
                0x200022a4        0x8 CMakeFiles/Tritris.dir/C_/Users/Usuario/.pico-sdk/sdk/2.1.0/src/rp2_common/pico_stdio_usb/stdio_usb.c.obj
 .bss.pecaAtiva
                0x200022ac       0x10 CMakeFiles/Tritris.dir/Tritris.c.obj
                0x200022ac                pecaAtiva
 .bss.pio       0x200022bc        0x4 CMakeFiles/Tritris.dir/Tritris.c.obj
                0x200022bc                pio
 .bss.pools     0x200022c0       0x10 CMakeFiles/Tritris.dir/C_/Users/Usuario/.pico-sdk/sdk/2.1.0/src/common/pico_time/time.c.obj
 .bss.raw_irq_mask
                0x200022d0        0x8 CMakeFiles/Tritris.dir/C_/Users/Usuario/.pico-sdk/sdk/2.1.0/src/rp2_common/hardware_gpio/gpio.c.obj
 .bss.retrieved_id
                0x200022d8        0x8 CMakeFiles/Tritris.dir/C_/Users/Usuario/.pico-sdk/sdk/2.1.0/src/rp2_common/pico_unique_id/unique_id.c.obj
 .bss.sf_clz_func
                0x200022e0        0x4 CMakeFiles/Tritris.dir/C_/Users/Usuario/.pico-sdk/sdk/2.1.0/src/rp2_common/pico_double/double_init_rom_rp2040.c.obj
                0x200022e0                sf_clz_func
 .bss.sf_table  0x200022e4      0x100 CMakeFiles/Tritris.dir/C_/Users/Usuario/.pico-sdk/sdk/2.1.0/src/rp2_common/pico_float/float_init_rom_rp2040.c.obj
                0x200022e4                sf_table
 .bss.sleep_notifier
                0x200023e4        0x4 CMakeFiles/Tritris.dir/C_/Users/Usuario/.pico-sdk/sdk/2.1.0/src/common/pico_time/time.c.obj
 .bss.sm        0x200023e8        0x4 CMakeFiles/Tritris.dir/Tritris.c.obj
                0x200023e8                sm
 .bss.stdio_usb_mutex
                0x200023ec        0x8 CMakeFiles/Tritris.dir/C_/Users/Usuario/.pico-sdk/sdk/2.1.0/src/rp2_common/pico_stdio_usb/stdio_usb.c.obj
 .bss.usbd_serial_str
                0x200023f4       0x11 CMakeFiles/Tritris.dir/C_/Users/Usuario/.pico-sdk/sdk/2.1.0/src/rp2_common/pico_stdio_usb/stdio_usb_descriptors.c.obj
 *fill*         0x20002405        0x3 
 .bss.x         0x20002408        0x4 CMakeFiles/Tritris.dir/Tritris.c.obj
                0x20002408                x
 .bss.y         0x2000240c        0x4 CMakeFiles/Tritris.dir/Tritris.c.obj
                0x2000240c                y
 .bss._app_driver_count
                0x20002410        0x1 CMakeFiles/Tritris.dir/C_/Users/Usuario/.pico-sdk/sdk/2.1.0/lib/tinyusb/src/device/usbd.c.obj
 .bss._sof_enable
                0x20002411        0x1 CMakeFiles/Tritris.dir/C_/Users/Usuario/.pico-sdk/sdk/2.1.0/lib/tinyusb/src/portable/raspberrypi/rp2040/dcd_rp2040.c.obj
 .bss._usbd_queued_setup
                0x20002412        0x1 CMakeFiles/Tritris.dir/C_/Users/Usuario/.pico-sdk/sdk/2.1.0/lib/tinyusb/src/device/usbd.c.obj
 .bss.boot2_copyout_valid
                0x20002413        0x1 CMakeFiles/Tritris.dir/C_/Users/Usuario/.pico-sdk/sdk/2.1.0/src/rp2_common/hardware_flash/flash.c.obj
 .bss.irq_handler_chain_free_slot_head
                0x20002414        0x1 CMakeFiles/Tritris.dir/C_/Users/Usuario/.pico-sdk/sdk/2.1.0/src/rp2_common/hardware_irq/irq.c.obj
 .bss.itf_num   0x20002415        0x1 CMakeFiles/Tritris.dir/C_/Users/Usuario/.pico-sdk/sdk/2.1.0/src/rp2_common/pico_stdio_usb/reset_interface.c.obj
 .bss.low_priority_irq_num
                0x20002416        0x1 CMakeFiles/Tritris.dir/C_/Users/Usuario/.pico-sdk/sdk/2.1.0/src/rp2_common/pico_stdio_usb/stdio_usb.c.obj
 .bss.one_shot_timer_pending
                0x20002417        0x1 CMakeFiles/Tritris.dir/C_/Users/Usuario/.pico-sdk/sdk/2.1.0/src/rp2_common/pico_stdio_usb/stdio_usb.c.obj
 .bss.user_irq_claimed
                0x20002418        0x1 CMakeFiles/Tritris.dir/C_/Users/Usuario/.pico-sdk/sdk/2.1.0/src/rp2_common/hardware_irq/irq.c.obj
 *(COMMON)
                0x2000241c                        . = ALIGN (0x4)
 *fill*         0x20002419        0x3 
                0x2000241c                        __bss_end__ = .

.heap           0x2000241c      0x800 load address 0x10006e50
                0x2000241c                        __end__ = .
                0x2000241c                        end = __end__
 *(.heap*)
 .heap          0x2000241c      0x800 CMakeFiles/Tritris.dir/C_/Users/Usuario/.pico-sdk/sdk/2.1.0/src/rp2_common/pico_crt0/crt0.S.obj
                0x20040000                        __HeapLimit = (ORIGIN (RAM) + LENGTH (RAM))

.scratch_x      0x20040000        0x0 load address 0x10006e50
                0x20040000                        __scratch_x_start__ = .
 *(.scratch_x.*)
                0x20040000                        . = ALIGN (0x4)
                0x20040000                        __scratch_x_end__ = .
                0x10006e50                        __scratch_x_source__ = LOADADDR (.scratch_x)

.scratch_y      0x20041000        0x0 load address 0x10006e50
                0x20041000                        __scratch_y_start__ = .
 *(.scratch_y.*)
                0x20041000                        . = ALIGN (0x4)
                0x20041000                        __scratch_y_end__ = .
                0x10006e50                        __scratch_y_source__ = LOADADDR (.scratch_y)

.stack1_dummy
 *(.stack1*)

.stack_dummy    0x20041000      0x800
 *(.stack*)
 .stack         0x20041000      0x800 CMakeFiles/Tritris.dir/C_/Users/Usuario/.pico-sdk/sdk/2.1.0/src/rp2_common/pico_crt0/crt0.S.obj

.flash_end      0x10006e50        0x0
 *(.embedded_end_block*)
                0x10006e50                        PROVIDE (__flash_binary_end = .)
                0x20040000                        __StackLimit = (ORIGIN (RAM) + LENGTH (RAM))
                0x20041000                        __StackOneTop = (ORIGIN (SCRATCH_X) + LENGTH (SCRATCH_X))
                0x20042000                        __StackTop = (ORIGIN (SCRATCH_Y) + LENGTH (SCRATCH_Y))
                0x20041000                        __StackOneBottom = (__StackOneTop - SIZEOF (.stack1_dummy))
                0x20041800                        __StackBottom = (__StackTop - SIZEOF (.stack_dummy))
                0x20042000                        PROVIDE (__stack = __StackTop)
                [!provide]                        PROVIDE (__heap_start = __end__)
                [!provide]                        PROVIDE (__heap_end = __HeapLimit)
                [!provide]                        PROVIDE (__tls_align = MAX (ALIGNOF (.tdata), ALIGNOF (.tbss)))
                [!provide]                        PROVIDE (__tls_size_align = (((__tls_size + __tls_align) - 0x1) & ~ ((__tls_align - 0x1))))
                [!provide]                        PROVIDE (__arm32_tls_tcb_offset = MAX (0x8, __tls_align))
                [!provide]                        PROVIDE (_end = __end__)
                [!provide]                        PROVIDE (__llvm_libc_heap_limit = __HeapLimit)
                0x00000001                        ASSERT ((__StackLimit >= __HeapLimit), region RAM overflowed)
                0x00000001                        ASSERT (((__binary_info_header_end - __logical_binary_start) <= 0x100), Binary info must be in first 256 bytes of the binary)
LOAD CMakeFiles/Tritris.dir/Tritris.c.obj
LOAD CMakeFiles/Tritris.dir/C_/Users/Usuario/.pico-sdk/sdk/2.1.0/src/rp2_common/pico_stdlib/stdlib.c.obj
LOAD CMakeFiles/Tritris.dir/C_/Users/Usuario/.pico-sdk/sdk/2.1.0/src/rp2_common/hardware_gpio/gpio.c.obj
LOAD CMakeFiles/Tritris.dir/C_/Users/Usuario/.pico-sdk/sdk/2.1.0/src/rp2040/pico_platform/platform.c.obj
LOAD CMakeFiles/Tritris.dir/C_/Users/Usuario/.pico-sdk/sdk/2.1.0/src/rp2_common/pico_platform_panic/panic.c.obj
LOAD CMakeFiles/Tritris.dir/C_/Users/Usuario/.pico-sdk/sdk/2.1.0/src/common/hardware_claim/claim.c.obj
LOAD CMakeFiles/Tritris.dir/C_/Users/Usuario/.pico-sdk/sdk/2.1.0/src/rp2_common/hardware_sync/sync.c.obj
LOAD CMakeFiles/Tritris.dir/C_/Users/Usuario/.pico-sdk/sdk/2.1.0/src/rp2_common/hardware_sync_spin_lock/sync_spin_lock.c.obj
LOAD CMakeFiles/Tritris.dir/C_/Users/Usuario/.pico-sdk/sdk/2.1.0/src/rp2_common/hardware_irq/irq.c.obj
LOAD CMakeFiles/Tritris.dir/C_/Users/Usuario/.pico-sdk/sdk/2.1.0/src/rp2_common/hardware_irq/irq_handler_chain.S.obj
LOAD CMakeFiles/Tritris.dir/C_/Users/Usuario/.pico-sdk/sdk/2.1.0/src/common/pico_sync/sem.c.obj
LOAD CMakeFiles/Tritris.dir/C_/Users/Usuario/.pico-sdk/sdk/2.1.0/src/common/pico_sync/lock_core.c.obj
LOAD CMakeFiles/Tritris.dir/C_/Users/Usuario/.pico-sdk/sdk/2.1.0/src/common/pico_sync/mutex.c.obj
LOAD CMakeFiles/Tritris.dir/C_/Users/Usuario/.pico-sdk/sdk/2.1.0/src/common/pico_sync/critical_section.c.obj
LOAD CMakeFiles/Tritris.dir/C_/Users/Usuario/.pico-sdk/sdk/2.1.0/src/common/pico_time/time.c.obj
LOAD CMakeFiles/Tritris.dir/C_/Users/Usuario/.pico-sdk/sdk/2.1.0/src/common/pico_time/timeout_helper.c.obj
LOAD CMakeFiles/Tritris.dir/C_/Users/Usuario/.pico-sdk/sdk/2.1.0/src/rp2_common/hardware_timer/timer.c.obj
LOAD CMakeFiles/Tritris.dir/C_/Users/Usuario/.pico-sdk/sdk/2.1.0/src/common/pico_util/datetime.c.obj
LOAD CMakeFiles/Tritris.dir/C_/Users/Usuario/.pico-sdk/sdk/2.1.0/src/common/pico_util/pheap.c.obj
LOAD CMakeFiles/Tritris.dir/C_/Users/Usuario/.pico-sdk/sdk/2.1.0/src/common/pico_util/queue.c.obj
LOAD CMakeFiles/Tritris.dir/C_/Users/Usuario/.pico-sdk/sdk/2.1.0/src/rp2_common/hardware_uart/uart.c.obj
LOAD CMakeFiles/Tritris.dir/C_/Users/Usuario/.pico-sdk/sdk/2.1.0/src/rp2_common/hardware_clocks/clocks.c.obj
LOAD CMakeFiles/Tritris.dir/C_/Users/Usuario/.pico-sdk/sdk/2.1.0/src/rp2_common/hardware_pll/pll.c.obj
LOAD CMakeFiles/Tritris.dir/C_/Users/Usuario/.pico-sdk/sdk/2.1.0/src/rp2_common/hardware_vreg/vreg.c.obj
LOAD CMakeFiles/Tritris.dir/C_/Users/Usuario/.pico-sdk/sdk/2.1.0/src/rp2_common/hardware_watchdog/watchdog.c.obj
LOAD CMakeFiles/Tritris.dir/C_/Users/Usuario/.pico-sdk/sdk/2.1.0/src/rp2_common/hardware_ticks/ticks.c.obj
LOAD CMakeFiles/Tritris.dir/C_/Users/Usuario/.pico-sdk/sdk/2.1.0/src/rp2_common/pico_bootrom/bootrom.c.obj
LOAD CMakeFiles/Tritris.dir/C_/Users/Usuario/.pico-sdk/sdk/2.1.0/src/rp2_common/pico_bootrom/bootrom_lock.c.obj
LOAD CMakeFiles/Tritris.dir/C_/Users/Usuario/.pico-sdk/sdk/2.1.0/src/rp2_common/hardware_boot_lock/boot_lock.c.obj
LOAD CMakeFiles/Tritris.dir/C_/Users/Usuario/.pico-sdk/sdk/2.1.0/src/rp2_common/pico_flash/flash.c.obj
LOAD CMakeFiles/Tritris.dir/C_/Users/Usuario/.pico-sdk/sdk/2.1.0/src/rp2_common/hardware_xosc/xosc.c.obj
LOAD CMakeFiles/Tritris.dir/C_/Users/Usuario/.pico-sdk/sdk/2.1.0/src/rp2_common/hardware_divider/divider.S.obj
LOAD CMakeFiles/Tritris.dir/C_/Users/Usuario/.pico-sdk/sdk/2.1.0/src/rp2_common/pico_runtime/runtime.c.obj
LOAD CMakeFiles/Tritris.dir/C_/Users/Usuario/.pico-sdk/sdk/2.1.0/src/rp2_common/pico_runtime_init/runtime_init.c.obj
LOAD CMakeFiles/Tritris.dir/C_/Users/Usuario/.pico-sdk/sdk/2.1.0/src/rp2_common/pico_runtime_init/runtime_init_clocks.c.obj
LOAD CMakeFiles/Tritris.dir/C_/Users/Usuario/.pico-sdk/sdk/2.1.0/src/rp2_common/pico_runtime_init/runtime_init_stack_guard.c.obj
LOAD CMakeFiles/Tritris.dir/C_/Users/Usuario/.pico-sdk/sdk/2.1.0/src/rp2_common/pico_bit_ops/bit_ops_aeabi.S.obj
LOAD CMakeFiles/Tritris.dir/C_/Users/Usuario/.pico-sdk/sdk/2.1.0/src/rp2_common/pico_divider/divider_hardware.S.obj
LOAD CMakeFiles/Tritris.dir/C_/Users/Usuario/.pico-sdk/sdk/2.1.0/src/rp2_common/pico_double/double_aeabi_rp2040.S.obj
LOAD CMakeFiles/Tritris.dir/C_/Users/Usuario/.pico-sdk/sdk/2.1.0/src/rp2_common/pico_double/double_init_rom_rp2040.c.obj
LOAD CMakeFiles/Tritris.dir/C_/Users/Usuario/.pico-sdk/sdk/2.1.0/src/rp2_common/pico_double/double_math.c.obj
LOAD CMakeFiles/Tritris.dir/C_/Users/Usuario/.pico-sdk/sdk/2.1.0/src/rp2_common/pico_double/double_v1_rom_shim_rp2040.S.obj
LOAD CMakeFiles/Tritris.dir/C_/Users/Usuario/.pico-sdk/sdk/2.1.0/src/rp2_common/pico_int64_ops/pico_int64_ops_aeabi.S.obj
LOAD CMakeFiles/Tritris.dir/C_/Users/Usuario/.pico-sdk/sdk/2.1.0/src/rp2_common/pico_float/float_aeabi_rp2040.S.obj
LOAD CMakeFiles/Tritris.dir/C_/Users/Usuario/.pico-sdk/sdk/2.1.0/src/rp2_common/pico_float/float_init_rom_rp2040.c.obj
LOAD CMakeFiles/Tritris.dir/C_/Users/Usuario/.pico-sdk/sdk/2.1.0/src/rp2_common/pico_float/float_math.c.obj
LOAD CMakeFiles/Tritris.dir/C_/Users/Usuario/.pico-sdk/sdk/2.1.0/src/rp2_common/pico_float/float_v1_rom_shim_rp2040.S.obj
LOAD CMakeFiles/Tritris.dir/C_/Users/Usuario/.pico-sdk/sdk/2.1.0/src/rp2_common/pico_malloc/malloc.c.obj
LOAD CMakeFiles/Tritris.dir/C_/Users/Usuario/.pico-sdk/sdk/2.1.0/src/rp2_common/pico_mem_ops/mem_ops_aeabi.S.obj
LOAD CMakeFiles/Tritris.dir/C_/Users/Usuario/.pico-sdk/sdk/2.1.0/src/rp2_common/pico_atomic/atomic.c.obj
LOAD CMakeFiles/Tritris.dir/C_/Users/Usuario/.pico-sdk/sdk/2.1.0/src/rp2_common/pico_cxx_options/new_delete.cpp.obj
LOAD CMakeFiles/Tritris.dir/C_/Users/Usuario/.pico-sdk/sdk/2.1.0/src/rp2_common/pico_standard_binary_info/standard_binary_info.c.obj
LOAD CMakeFiles/Tritris.dir/C_/Users/Usuario/.pico-sdk/sdk/2.1.0/src/rp2_common/pico_printf/printf.c.obj
LOAD CMakeFiles/Tritris.dir/C_/Users/Usuario/.pico-sdk/sdk/2.1.0/src/rp2_common/pico_crt0/crt0.S.obj
LOAD CMakeFiles/Tritris.dir/C_/Users/Usuario/.pico-sdk/sdk/2.1.0/src/rp2_common/pico_clib_interface/newlib_interface.c.obj
LOAD CMakeFiles/Tritris.dir/C_/Users/Usuario/.pico-sdk/sdk/2.1.0/src/rp2_common/pico_stdio/stdio.c.obj
LOAD CMakeFiles/Tritris.dir/C_/Users/Usuario/.pico-sdk/sdk/2.1.0/src/rp2_common/pico_stdio_usb/reset_interface.c.obj